#
# There is insufficient memory for the Java Runtime Environment to continue.
# Native memory allocation (malloc) failed to allocate 1663056 bytes for Chunk::new
# Possible reasons:
#   The system is out of physical RAM or swap space
#   The process is running with CompressedOops enabled, and the Java Heap may be blocking the growth of the native heap
# Possible solutions:
#   Reduce memory load on the system
#   Increase physical memory or swap space
#   Check if swap backing store is full
#   Decrease Java heap size (-Xmx/-Xms)
#   Decrease number of Java threads
#   Decrease Java thread stack sizes (-Xss)
#   Set larger code cache with -XX:ReservedCodeCacheSize=
#   JVM is running with Unscaled Compressed Oops mode in which the Java heap is
#     placed in the first 4GB address space. The Java Heap base address is the
#     maximum limit for the native heap growth. Please use -XX:HeapBaseMinAddress
#     to set the Java Heap base and to place the Java Heap above 4GB virtual address.
# This output file may be truncated or incomplete.
#
#  Out of Memory Error (arena.cpp:189), pid=21588, tid=23308
#
# JRE version: Java(TM) SE Runtime Environment (17.0.8+9) (build 17.0.8+9-LTS-211)
# Java VM: Java HotSpot(TM) 64-Bit Server VM (17.0.8+9-LTS-211, mixed mode, sharing, tiered, compressed oops, compressed class ptrs, g1 gc, windows-amd64)
# No core dump will be written. Minidumps are not enabled by default on client versions of Windows
#

---------------  S U M M A R Y ------------

Command Line: -Dorg.gradle.internal.worker.tmpdir=C:\Users\ws050\mini2\inspire-be\schedule_service\build\tmp\test\work -Xmx512m -Dfile.encoding=UTF-8 -Duser.country=KR -Duser.language=ko -Duser.variant -ea worker.org.gradle.process.internal.worker.GradleWorkerMain 'Gradle Test Executor 8'

Host: 11th Gen Intel(R) Core(TM) i7-1165G7 @ 2.80GHz, 8 cores, 15G,  Windows 11 , 64 bit Build 26100 (10.0.26100.7920)
Time: Tue Mar 24 11:36:17 2026  Windows 11 , 64 bit Build 26100 (10.0.26100.7920) elapsed time: 6.115581 seconds (0d 0h 0m 6s)

---------------  T H R E A D  ---------------

Current thread (0x000001f4e07115a0):  JavaThread "C2 CompilerThread1" daemon [_thread_in_native, id=23308, stack(0x000000f061200000,0x000000f061300000)]


Current CompileTask:
C2:   6115 2533   !   4       jdk.internal.loader.BuiltinClassLoader::loadClassOrNull (143 bytes)

Stack: [0x000000f061200000,0x000000f061300000]
Native frames: (J=compiled Java code, j=interpreted, Vv=VM code, C=native code)
V  [jvm.dll+0x677d0a]
V  [jvm.dll+0x7d8c54]
V  [jvm.dll+0x7da3fe]
V  [jvm.dll+0x7daa63]
V  [jvm.dll+0x245c5f]
V  [jvm.dll+0xaaa6b]
V  [jvm.dll+0xab00c]
V  [jvm.dll+0x361e3f]
V  [jvm.dll+0x32c551]
V  [jvm.dll+0x32b9ea]
V  [jvm.dll+0x217fff]
V  [jvm.dll+0x217431]
V  [jvm.dll+0x1a3af0]
V  [jvm.dll+0x2270be]
V  [jvm.dll+0x22535b]
V  [jvm.dll+0x78e7bc]
V  [jvm.dll+0x788bba]
V  [jvm.dll+0x676b35]
C  [ucrtbase.dll+0x37b0]
C  [KERNEL32.DLL+0x2e8d7]
C  [ntdll.dll+0x8c48c]


---------------  P R O C E S S  ---------------

Threads class SMR info:
_java_thread_list=0x000001f4e0a7c000, length=17, elements={
0x000001f4ffb5d530, 0x000001f49a532ce0, 0x000001f49a533890, 0x000001f49a54aac0,
0x000001f49a54b470, 0x000001f49a54be20, 0x000001f49a54c7d0, 0x000001f49a54d4b0,
0x000001f49a54df50, 0x000001f49a556fa0, 0x000001f49a795680, 0x000001f49a79e7d0,
0x000001f4e07115a0, 0x000001f4e06d2a10, 0x000001f4e081b3f0, 0x000001f4e0775bc0,
0x000001f4e1c7db10
}

Java Threads: ( => current thread )
  0x000001f4ffb5d530 JavaThread "Test worker" [_thread_in_Java, id=11452, stack(0x000000f05fe00000,0x000000f05ff00000)]
  0x000001f49a532ce0 JavaThread "Reference Handler" daemon [_thread_blocked, id=12396, stack(0x000000f060500000,0x000000f060600000)]
  0x000001f49a533890 JavaThread "Finalizer" daemon [_thread_blocked, id=17872, stack(0x000000f060600000,0x000000f060700000)]
  0x000001f49a54aac0 JavaThread "Signal Dispatcher" daemon [_thread_blocked, id=4844, stack(0x000000f060700000,0x000000f060800000)]
  0x000001f49a54b470 JavaThread "Attach Listener" daemon [_thread_blocked, id=7196, stack(0x000000f060800000,0x000000f060900000)]
  0x000001f49a54be20 JavaThread "Service Thread" daemon [_thread_blocked, id=18016, stack(0x000000f060900000,0x000000f060a00000)]
  0x000001f49a54c7d0 JavaThread "Monitor Deflation Thread" daemon [_thread_blocked, id=17836, stack(0x000000f060a00000,0x000000f060b00000)]
  0x000001f49a54d4b0 JavaThread "C2 CompilerThread0" daemon [_thread_in_native, id=6340, stack(0x000000f060b00000,0x000000f060c00000)]
  0x000001f49a54df50 JavaThread "C1 CompilerThread0" daemon [_thread_blocked, id=24236, stack(0x000000f060c00000,0x000000f060d00000)]
  0x000001f49a556fa0 JavaThread "Sweeper thread" daemon [_thread_blocked, id=6740, stack(0x000000f060d00000,0x000000f060e00000)]
  0x000001f49a795680 JavaThread "Notification Thread" daemon [_thread_blocked, id=11668, stack(0x000000f060e00000,0x000000f060f00000)]
  0x000001f49a79e7d0 JavaThread "Common-Cleaner" daemon [_thread_blocked, id=17972, stack(0x000000f061000000,0x000000f061100000)]
=>0x000001f4e07115a0 JavaThread "C2 CompilerThread1" daemon [_thread_in_native, id=23308, stack(0x000000f061200000,0x000000f061300000)]
  0x000001f4e06d2a10 JavaThread "/127.0.0.1:10145 to /127.0.0.1:10142 workers" [_thread_blocked, id=16608, stack(0x000000f061300000,0x000000f061400000)]
  0x000001f4e081b3f0 JavaThread "/127.0.0.1:10145 to /127.0.0.1:10142 workers Thread 2" [_thread_blocked, id=1932, stack(0x000000f061500000,0x000000f061600000)]
  0x000001f4e0775bc0 JavaThread "/127.0.0.1:10145 to /127.0.0.1:10142 workers Thread 3" [_thread_in_native, id=23808, stack(0x000000f061600000,0x000000f061700000)]
  0x000001f4e1c7db10 JavaThread "background-preinit" [_thread_in_vm, id=6200, stack(0x000000f062000000,0x000000f062100000)]

Other Threads:
  0x000001f49a52e240 VMThread "VM Thread" [stack: 0x000000f060400000,0x000000f060500000] [id=22920]
  0x000001f4ffb9a320 WatcherThread [stack: 0x000000f060f00000,0x000000f061000000] [id=14328]
  0x000001f4ffb8c4e0 GCTaskThread "GC Thread#0" [stack: 0x000000f05ff00000,0x000000f060000000] [id=3992]
  0x000001f4e07733b0 GCTaskThread "GC Thread#1" [stack: 0x000000f061700000,0x000000f061800000] [id=20756]
  0x000001f4e0773660 GCTaskThread "GC Thread#2" [stack: 0x000000f061800000,0x000000f061900000] [id=6684]
  0x000001f4e0773ec0 GCTaskThread "GC Thread#3" [stack: 0x000000f061900000,0x000000f061a00000] [id=15512]
  0x000001f4e0774170 GCTaskThread "GC Thread#4" [stack: 0x000000f061a00000,0x000000f061b00000] [id=5948]
  0x000001f4e0774c30 GCTaskThread "GC Thread#5" [stack: 0x000000f061b00000,0x000000f061c00000] [id=10952]
  0x000001f4e0748430 GCTaskThread "GC Thread#6" [stack: 0x000000f061c00000,0x000000f061d00000] [id=17268]
  0x000001f4e07486e0 GCTaskThread "GC Thread#7" [stack: 0x000000f061d00000,0x000000f061e00000] [id=12112]
  0x000001f4ffb92430 ConcurrentGCThread "G1 Main Marker" [stack: 0x000000f060000000,0x000000f060100000] [id=16592]
  0x000001f4ffb92e40 ConcurrentGCThread "G1 Conc#0" [stack: 0x000000f060100000,0x000000f060200000] [id=23284]
  0x000001f4e1a6a290 ConcurrentGCThread "G1 Conc#1" [stack: 0x000000f061400000,0x000000f061500000] [id=9912]
  0x000001f4ffc1e7d0 ConcurrentGCThread "G1 Refine#0" [stack: 0x000000f060200000,0x000000f060300000] [id=18636]
  0x000001f4e0763140 ConcurrentGCThread "G1 Refine#1" [stack: 0x000000f061e00000,0x000000f061f00000] [id=19252]
  0x000001f4e009a420 ConcurrentGCThread "G1 Refine#2" [stack: 0x000000f061f00000,0x000000f062000000] [id=20720]
  0x000001f49a3f12f0 ConcurrentGCThread "G1 Service" [stack: 0x000000f060300000,0x000000f060400000] [id=24348]

Threads with active compile tasks:
C2 CompilerThread0     6131 2598   !   4       java.net.URL::<init> (543 bytes)
C2 CompilerThread1     6131 2533   !   4       jdk.internal.loader.BuiltinClassLoader::loadClassOrNull (143 bytes)

VM state: not at safepoint (normal execution)

VM Mutex/Monitor currently owned by a thread: None

Heap address: 0x00000000e0000000, size: 512 MB, Compressed Oops mode: 32-bit

CDS archive(s) mapped at: [0x000001f49b000000-0x000001f49bbd0000-0x000001f49bbd0000), size 12386304, SharedBaseAddress: 0x000001f49b000000, ArchiveRelocationMode: 1.
Compressed class space mapped at: 0x000001f49c000000-0x000001f4dc000000, reserved size: 1073741824
Narrow klass base: 0x000001f49b000000, Narrow klass shift: 0, Narrow klass range: 0x100000000

GC Precious Log:
 CPUs: 8 total, 8 available
 Memory: 16057M
 Large Page Support: Disabled
 NUMA Support: Disabled
 Compressed Oops: Enabled (32-bit)
 Heap Region Size: 1M
 Heap Min Capacity: 8M
 Heap Initial Capacity: 252M
 Heap Max Capacity: 512M
 Pre-touch: Disabled
 Parallel Workers: 8
 Concurrent Workers: 2
 Concurrent Refinement Workers: 8
 Periodic GC: Disabled

Heap:
 garbage-first heap   total 258048K, used 16179K [0x00000000e0000000, 0x0000000100000000)
  region size 1024K, 6 young (6144K), 5 survivors (5120K)
 Metaspace       used 21206K, committed 21568K, reserved 1114112K
  class space    used 3026K, committed 3200K, reserved 1048576K

Heap Regions: E=young(eden), S=young(survivor), O=old, HS=humongous(starts), HC=humongous(continues), CS=collection set, F=free, OA=open archive, CA=closed archive, TAMS=top-at-mark-start (previous, next)
|   0|0x00000000e0000000, 0x00000000e0100000, 0x00000000e0100000|100%|HS|  |TAMS 0x00000000e0000000, 0x00000000e0100000| Complete 
|   1|0x00000000e0100000, 0x00000000e0200000, 0x00000000e0200000|100%|HS|  |TAMS 0x00000000e0100000, 0x00000000e0200000| Complete 
|   2|0x00000000e0200000, 0x00000000e0300000, 0x00000000e0300000|100%| O|  |TAMS 0x00000000e0200000, 0x00000000e0300000| Untracked 
|   3|0x00000000e0300000, 0x00000000e0400000, 0x00000000e0400000|100%| O|  |TAMS 0x00000000e0300000, 0x00000000e0400000| Untracked 
|   4|0x00000000e0400000, 0x00000000e0500000, 0x00000000e0500000|100%| O|  |TAMS 0x00000000e0400000, 0x00000000e0500000| Untracked 
|   5|0x00000000e0500000, 0x00000000e0600000, 0x00000000e0600000|100%| O|  |TAMS 0x00000000e0500000, 0x00000000e0600000| Untracked 
|   6|0x00000000e0600000, 0x00000000e0700000, 0x00000000e0700000|100%| O|  |TAMS 0x00000000e0600000, 0x00000000e0700000| Untracked 
|   7|0x00000000e0700000, 0x00000000e0800000, 0x00000000e0800000|100%| O|  |TAMS 0x00000000e0700000, 0x00000000e0800000| Untracked 
|   8|0x00000000e0800000, 0x00000000e0900000, 0x00000000e0900000|100%| O|  |TAMS 0x00000000e0800000, 0x00000000e0900000| Untracked 
|   9|0x00000000e0900000, 0x00000000e0a00000, 0x00000000e0a00000|100%| O|  |TAMS 0x00000000e0900000, 0x00000000e0a00000| Untracked 
|  10|0x00000000e0a00000, 0x00000000e0acce00, 0x00000000e0b00000| 80%| O|  |TAMS 0x00000000e0a00000, 0x00000000e0acce00| Untracked 
|  11|0x00000000e0b00000, 0x00000000e0b00000, 0x00000000e0c00000|  0%| F|  |TAMS 0x00000000e0b00000, 0x00000000e0b00000| Untracked 
|  12|0x00000000e0c00000, 0x00000000e0c00000, 0x00000000e0d00000|  0%| F|  |TAMS 0x00000000e0c00000, 0x00000000e0c00000| Untracked 
|  13|0x00000000e0d00000, 0x00000000e0d00000, 0x00000000e0e00000|  0%| F|  |TAMS 0x00000000e0d00000, 0x00000000e0d00000| Untracked 
|  14|0x00000000e0e00000, 0x00000000e0e00000, 0x00000000e0f00000|  0%| F|  |TAMS 0x00000000e0e00000, 0x00000000e0e00000| Untracked 
|  15|0x00000000e0f00000, 0x00000000e0f00000, 0x00000000e1000000|  0%| F|  |TAMS 0x00000000e0f00000, 0x00000000e0f00000| Untracked 
|  16|0x00000000e1000000, 0x00000000e1000000, 0x00000000e1100000|  0%| F|  |TAMS 0x00000000e1000000, 0x00000000e1000000| Untracked 
|  17|0x00000000e1100000, 0x00000000e1100000, 0x00000000e1200000|  0%| F|  |TAMS 0x00000000e1100000, 0x00000000e1100000| Untracked 
|  18|0x00000000e1200000, 0x00000000e1200000, 0x00000000e1300000|  0%| F|  |TAMS 0x00000000e1200000, 0x00000000e1200000| Untracked 
|  19|0x00000000e1300000, 0x00000000e1300000, 0x00000000e1400000|  0%| F|  |TAMS 0x00000000e1300000, 0x00000000e1300000| Untracked 
|  20|0x00000000e1400000, 0x00000000e1400000, 0x00000000e1500000|  0%| F|  |TAMS 0x00000000e1400000, 0x00000000e1400000| Untracked 
|  21|0x00000000e1500000, 0x00000000e1500000, 0x00000000e1600000|  0%| F|  |TAMS 0x00000000e1500000, 0x00000000e1500000| Untracked 
|  22|0x00000000e1600000, 0x00000000e1600000, 0x00000000e1700000|  0%| F|  |TAMS 0x00000000e1600000, 0x00000000e1600000| Untracked 
|  23|0x00000000e1700000, 0x00000000e1700000, 0x00000000e1800000|  0%| F|  |TAMS 0x00000000e1700000, 0x00000000e1700000| Untracked 
|  24|0x00000000e1800000, 0x00000000e1800000, 0x00000000e1900000|  0%| F|  |TAMS 0x00000000e1800000, 0x00000000e1800000| Untracked 
|  25|0x00000000e1900000, 0x00000000e1900000, 0x00000000e1a00000|  0%| F|  |TAMS 0x00000000e1900000, 0x00000000e1900000| Untracked 
|  26|0x00000000e1a00000, 0x00000000e1a00000, 0x00000000e1b00000|  0%| F|  |TAMS 0x00000000e1a00000, 0x00000000e1a00000| Untracked 
|  27|0x00000000e1b00000, 0x00000000e1b00000, 0x00000000e1c00000|  0%| F|  |TAMS 0x00000000e1b00000, 0x00000000e1b00000| Untracked 
|  28|0x00000000e1c00000, 0x00000000e1c00000, 0x00000000e1d00000|  0%| F|  |TAMS 0x00000000e1c00000, 0x00000000e1c00000| Untracked 
|  29|0x00000000e1d00000, 0x00000000e1d00000, 0x00000000e1e00000|  0%| F|  |TAMS 0x00000000e1d00000, 0x00000000e1d00000| Untracked 
|  30|0x00000000e1e00000, 0x00000000e1e00000, 0x00000000e1f00000|  0%| F|  |TAMS 0x00000000e1e00000, 0x00000000e1e00000| Untracked 
|  31|0x00000000e1f00000, 0x00000000e1f00000, 0x00000000e2000000|  0%| F|  |TAMS 0x00000000e1f00000, 0x00000000e1f00000| Untracked 
|  32|0x00000000e2000000, 0x00000000e2000000, 0x00000000e2100000|  0%| F|  |TAMS 0x00000000e2000000, 0x00000000e2000000| Untracked 
|  33|0x00000000e2100000, 0x00000000e2100000, 0x00000000e2200000|  0%| F|  |TAMS 0x00000000e2100000, 0x00000000e2100000| Untracked 
|  34|0x00000000e2200000, 0x00000000e2200000, 0x00000000e2300000|  0%| F|  |TAMS 0x00000000e2200000, 0x00000000e2200000| Untracked 
|  35|0x00000000e2300000, 0x00000000e2300000, 0x00000000e2400000|  0%| F|  |TAMS 0x00000000e2300000, 0x00000000e2300000| Untracked 
|  36|0x00000000e2400000, 0x00000000e2400000, 0x00000000e2500000|  0%| F|  |TAMS 0x00000000e2400000, 0x00000000e2400000| Untracked 
|  37|0x00000000e2500000, 0x00000000e2500000, 0x00000000e2600000|  0%| F|  |TAMS 0x00000000e2500000, 0x00000000e2500000| Untracked 
|  38|0x00000000e2600000, 0x00000000e2600000, 0x00000000e2700000|  0%| F|  |TAMS 0x00000000e2600000, 0x00000000e2600000| Untracked 
|  39|0x00000000e2700000, 0x00000000e2700000, 0x00000000e2800000|  0%| F|  |TAMS 0x00000000e2700000, 0x00000000e2700000| Untracked 
|  40|0x00000000e2800000, 0x00000000e2800000, 0x00000000e2900000|  0%| F|  |TAMS 0x00000000e2800000, 0x00000000e2800000| Untracked 
|  41|0x00000000e2900000, 0x00000000e2900000, 0x00000000e2a00000|  0%| F|  |TAMS 0x00000000e2900000, 0x00000000e2900000| Untracked 
|  42|0x00000000e2a00000, 0x00000000e2a00000, 0x00000000e2b00000|  0%| F|  |TAMS 0x00000000e2a00000, 0x00000000e2a00000| Untracked 
|  43|0x00000000e2b00000, 0x00000000e2b00000, 0x00000000e2c00000|  0%| F|  |TAMS 0x00000000e2b00000, 0x00000000e2b00000| Untracked 
|  44|0x00000000e2c00000, 0x00000000e2c00000, 0x00000000e2d00000|  0%| F|  |TAMS 0x00000000e2c00000, 0x00000000e2c00000| Untracked 
|  45|0x00000000e2d00000, 0x00000000e2d00000, 0x00000000e2e00000|  0%| F|  |TAMS 0x00000000e2d00000, 0x00000000e2d00000| Untracked 
|  46|0x00000000e2e00000, 0x00000000e2e00000, 0x00000000e2f00000|  0%| F|  |TAMS 0x00000000e2e00000, 0x00000000e2e00000| Untracked 
|  47|0x00000000e2f00000, 0x00000000e2f00000, 0x00000000e3000000|  0%| F|  |TAMS 0x00000000e2f00000, 0x00000000e2f00000| Untracked 
|  48|0x00000000e3000000, 0x00000000e3000000, 0x00000000e3100000|  0%| F|  |TAMS 0x00000000e3000000, 0x00000000e3000000| Untracked 
|  49|0x00000000e3100000, 0x00000000e3100000, 0x00000000e3200000|  0%| F|  |TAMS 0x00000000e3100000, 0x00000000e3100000| Untracked 
|  50|0x00000000e3200000, 0x00000000e3200000, 0x00000000e3300000|  0%| F|  |TAMS 0x00000000e3200000, 0x00000000e3200000| Untracked 
|  51|0x00000000e3300000, 0x00000000e3300000, 0x00000000e3400000|  0%| F|  |TAMS 0x00000000e3300000, 0x00000000e3300000| Untracked 
|  52|0x00000000e3400000, 0x00000000e3400000, 0x00000000e3500000|  0%| F|  |TAMS 0x00000000e3400000, 0x00000000e3400000| Untracked 
|  53|0x00000000e3500000, 0x00000000e3500000, 0x00000000e3600000|  0%| F|  |TAMS 0x00000000e3500000, 0x00000000e3500000| Untracked 
|  54|0x00000000e3600000, 0x00000000e3600000, 0x00000000e3700000|  0%| F|  |TAMS 0x00000000e3600000, 0x00000000e3600000| Untracked 
|  55|0x00000000e3700000, 0x00000000e3700000, 0x00000000e3800000|  0%| F|  |TAMS 0x00000000e3700000, 0x00000000e3700000| Untracked 
|  56|0x00000000e3800000, 0x00000000e3800000, 0x00000000e3900000|  0%| F|  |TAMS 0x00000000e3800000, 0x00000000e3800000| Untracked 
|  57|0x00000000e3900000, 0x00000000e3900000, 0x00000000e3a00000|  0%| F|  |TAMS 0x00000000e3900000, 0x00000000e3900000| Untracked 
|  58|0x00000000e3a00000, 0x00000000e3a00000, 0x00000000e3b00000|  0%| F|  |TAMS 0x00000000e3a00000, 0x00000000e3a00000| Untracked 
|  59|0x00000000e3b00000, 0x00000000e3b00000, 0x00000000e3c00000|  0%| F|  |TAMS 0x00000000e3b00000, 0x00000000e3b00000| Untracked 
|  60|0x00000000e3c00000, 0x00000000e3c00000, 0x00000000e3d00000|  0%| F|  |TAMS 0x00000000e3c00000, 0x00000000e3c00000| Untracked 
|  61|0x00000000e3d00000, 0x00000000e3d00000, 0x00000000e3e00000|  0%| F|  |TAMS 0x00000000e3d00000, 0x00000000e3d00000| Untracked 
|  62|0x00000000e3e00000, 0x00000000e3e00000, 0x00000000e3f00000|  0%| F|  |TAMS 0x00000000e3e00000, 0x00000000e3e00000| Untracked 
|  63|0x00000000e3f00000, 0x00000000e3f00000, 0x00000000e4000000|  0%| F|  |TAMS 0x00000000e3f00000, 0x00000000e3f00000| Untracked 
|  64|0x00000000e4000000, 0x00000000e4000000, 0x00000000e4100000|  0%| F|  |TAMS 0x00000000e4000000, 0x00000000e4000000| Untracked 
|  65|0x00000000e4100000, 0x00000000e4100000, 0x00000000e4200000|  0%| F|  |TAMS 0x00000000e4100000, 0x00000000e4100000| Untracked 
|  66|0x00000000e4200000, 0x00000000e4200000, 0x00000000e4300000|  0%| F|  |TAMS 0x00000000e4200000, 0x00000000e4200000| Untracked 
|  67|0x00000000e4300000, 0x00000000e4300000, 0x00000000e4400000|  0%| F|  |TAMS 0x00000000e4300000, 0x00000000e4300000| Untracked 
|  68|0x00000000e4400000, 0x00000000e4400000, 0x00000000e4500000|  0%| F|  |TAMS 0x00000000e4400000, 0x00000000e4400000| Untracked 
|  69|0x00000000e4500000, 0x00000000e4500000, 0x00000000e4600000|  0%| F|  |TAMS 0x00000000e4500000, 0x00000000e4500000| Untracked 
|  70|0x00000000e4600000, 0x00000000e4600000, 0x00000000e4700000|  0%| F|  |TAMS 0x00000000e4600000, 0x00000000e4600000| Untracked 
|  71|0x00000000e4700000, 0x00000000e4700000, 0x00000000e4800000|  0%| F|  |TAMS 0x00000000e4700000, 0x00000000e4700000| Untracked 
|  72|0x00000000e4800000, 0x00000000e4800000, 0x00000000e4900000|  0%| F|  |TAMS 0x00000000e4800000, 0x00000000e4800000| Untracked 
|  73|0x00000000e4900000, 0x00000000e4900000, 0x00000000e4a00000|  0%| F|  |TAMS 0x00000000e4900000, 0x00000000e4900000| Untracked 
|  74|0x00000000e4a00000, 0x00000000e4a00000, 0x00000000e4b00000|  0%| F|  |TAMS 0x00000000e4a00000, 0x00000000e4a00000| Untracked 
|  75|0x00000000e4b00000, 0x00000000e4b00000, 0x00000000e4c00000|  0%| F|  |TAMS 0x00000000e4b00000, 0x00000000e4b00000| Untracked 
|  76|0x00000000e4c00000, 0x00000000e4c00000, 0x00000000e4d00000|  0%| F|  |TAMS 0x00000000e4c00000, 0x00000000e4c00000| Untracked 
|  77|0x00000000e4d00000, 0x00000000e4d00000, 0x00000000e4e00000|  0%| F|  |TAMS 0x00000000e4d00000, 0x00000000e4d00000| Untracked 
|  78|0x00000000e4e00000, 0x00000000e4e00000, 0x00000000e4f00000|  0%| F|  |TAMS 0x00000000e4e00000, 0x00000000e4e00000| Untracked 
|  79|0x00000000e4f00000, 0x00000000e4f00000, 0x00000000e5000000|  0%| F|  |TAMS 0x00000000e4f00000, 0x00000000e4f00000| Untracked 
|  80|0x00000000e5000000, 0x00000000e5000000, 0x00000000e5100000|  0%| F|  |TAMS 0x00000000e5000000, 0x00000000e5000000| Untracked 
|  81|0x00000000e5100000, 0x00000000e5100000, 0x00000000e5200000|  0%| F|  |TAMS 0x00000000e5100000, 0x00000000e5100000| Untracked 
|  82|0x00000000e5200000, 0x00000000e5200000, 0x00000000e5300000|  0%| F|  |TAMS 0x00000000e5200000, 0x00000000e5200000| Untracked 
|  83|0x00000000e5300000, 0x00000000e5300000, 0x00000000e5400000|  0%| F|  |TAMS 0x00000000e5300000, 0x00000000e5300000| Untracked 
|  84|0x00000000e5400000, 0x00000000e5400000, 0x00000000e5500000|  0%| F|  |TAMS 0x00000000e5400000, 0x00000000e5400000| Untracked 
|  85|0x00000000e5500000, 0x00000000e5500000, 0x00000000e5600000|  0%| F|  |TAMS 0x00000000e5500000, 0x00000000e5500000| Untracked 
|  86|0x00000000e5600000, 0x00000000e5600000, 0x00000000e5700000|  0%| F|  |TAMS 0x00000000e5600000, 0x00000000e5600000| Untracked 
|  87|0x00000000e5700000, 0x00000000e5700000, 0x00000000e5800000|  0%| F|  |TAMS 0x00000000e5700000, 0x00000000e5700000| Untracked 
|  88|0x00000000e5800000, 0x00000000e5800000, 0x00000000e5900000|  0%| F|  |TAMS 0x00000000e5800000, 0x00000000e5800000| Untracked 
|  89|0x00000000e5900000, 0x00000000e5900000, 0x00000000e5a00000|  0%| F|  |TAMS 0x00000000e5900000, 0x00000000e5900000| Untracked 
|  90|0x00000000e5a00000, 0x00000000e5a00000, 0x00000000e5b00000|  0%| F|  |TAMS 0x00000000e5a00000, 0x00000000e5a00000| Untracked 
|  91|0x00000000e5b00000, 0x00000000e5b00000, 0x00000000e5c00000|  0%| F|  |TAMS 0x00000000e5b00000, 0x00000000e5b00000| Untracked 
|  92|0x00000000e5c00000, 0x00000000e5c00000, 0x00000000e5d00000|  0%| F|  |TAMS 0x00000000e5c00000, 0x00000000e5c00000| Untracked 
|  93|0x00000000e5d00000, 0x00000000e5d00000, 0x00000000e5e00000|  0%| F|  |TAMS 0x00000000e5d00000, 0x00000000e5d00000| Untracked 
|  94|0x00000000e5e00000, 0x00000000e5e00000, 0x00000000e5f00000|  0%| F|  |TAMS 0x00000000e5e00000, 0x00000000e5e00000| Untracked 
|  95|0x00000000e5f00000, 0x00000000e5f00000, 0x00000000e6000000|  0%| F|  |TAMS 0x00000000e5f00000, 0x00000000e5f00000| Untracked 
|  96|0x00000000e6000000, 0x00000000e6000000, 0x00000000e6100000|  0%| F|  |TAMS 0x00000000e6000000, 0x00000000e6000000| Untracked 
|  97|0x00000000e6100000, 0x00000000e6100000, 0x00000000e6200000|  0%| F|  |TAMS 0x00000000e6100000, 0x00000000e6100000| Untracked 
|  98|0x00000000e6200000, 0x00000000e6200000, 0x00000000e6300000|  0%| F|  |TAMS 0x00000000e6200000, 0x00000000e6200000| Untracked 
|  99|0x00000000e6300000, 0x00000000e6300000, 0x00000000e6400000|  0%| F|  |TAMS 0x00000000e6300000, 0x00000000e6300000| Untracked 
| 100|0x00000000e6400000, 0x00000000e6400000, 0x00000000e6500000|  0%| F|  |TAMS 0x00000000e6400000, 0x00000000e6400000| Untracked 
| 101|0x00000000e6500000, 0x00000000e6500000, 0x00000000e6600000|  0%| F|  |TAMS 0x00000000e6500000, 0x00000000e6500000| Untracked 
| 102|0x00000000e6600000, 0x00000000e6600000, 0x00000000e6700000|  0%| F|  |TAMS 0x00000000e6600000, 0x00000000e6600000| Untracked 
| 103|0x00000000e6700000, 0x00000000e6700000, 0x00000000e6800000|  0%| F|  |TAMS 0x00000000e6700000, 0x00000000e6700000| Untracked 
| 104|0x00000000e6800000, 0x00000000e6800000, 0x00000000e6900000|  0%| F|  |TAMS 0x00000000e6800000, 0x00000000e6800000| Untracked 
| 105|0x00000000e6900000, 0x00000000e6900000, 0x00000000e6a00000|  0%| F|  |TAMS 0x00000000e6900000, 0x00000000e6900000| Untracked 
| 106|0x00000000e6a00000, 0x00000000e6a00000, 0x00000000e6b00000|  0%| F|  |TAMS 0x00000000e6a00000, 0x00000000e6a00000| Untracked 
| 107|0x00000000e6b00000, 0x00000000e6b00000, 0x00000000e6c00000|  0%| F|  |TAMS 0x00000000e6b00000, 0x00000000e6b00000| Untracked 
| 108|0x00000000e6c00000, 0x00000000e6c00000, 0x00000000e6d00000|  0%| F|  |TAMS 0x00000000e6c00000, 0x00000000e6c00000| Untracked 
| 109|0x00000000e6d00000, 0x00000000e6d00000, 0x00000000e6e00000|  0%| F|  |TAMS 0x00000000e6d00000, 0x00000000e6d00000| Untracked 
| 110|0x00000000e6e00000, 0x00000000e6e00000, 0x00000000e6f00000|  0%| F|  |TAMS 0x00000000e6e00000, 0x00000000e6e00000| Untracked 
| 111|0x00000000e6f00000, 0x00000000e6f00000, 0x00000000e7000000|  0%| F|  |TAMS 0x00000000e6f00000, 0x00000000e6f00000| Untracked 
| 112|0x00000000e7000000, 0x00000000e7000000, 0x00000000e7100000|  0%| F|  |TAMS 0x00000000e7000000, 0x00000000e7000000| Untracked 
| 113|0x00000000e7100000, 0x00000000e7100000, 0x00000000e7200000|  0%| F|  |TAMS 0x00000000e7100000, 0x00000000e7100000| Untracked 
| 114|0x00000000e7200000, 0x00000000e7200000, 0x00000000e7300000|  0%| F|  |TAMS 0x00000000e7200000, 0x00000000e7200000| Untracked 
| 115|0x00000000e7300000, 0x00000000e7300000, 0x00000000e7400000|  0%| F|  |TAMS 0x00000000e7300000, 0x00000000e7300000| Untracked 
| 116|0x00000000e7400000, 0x00000000e7400000, 0x00000000e7500000|  0%| F|  |TAMS 0x00000000e7400000, 0x00000000e7400000| Untracked 
| 117|0x00000000e7500000, 0x00000000e7500000, 0x00000000e7600000|  0%| F|  |TAMS 0x00000000e7500000, 0x00000000e7500000| Untracked 
| 118|0x00000000e7600000, 0x00000000e7600000, 0x00000000e7700000|  0%| F|  |TAMS 0x00000000e7600000, 0x00000000e7600000| Untracked 
| 119|0x00000000e7700000, 0x00000000e7700000, 0x00000000e7800000|  0%| F|  |TAMS 0x00000000e7700000, 0x00000000e7700000| Untracked 
| 120|0x00000000e7800000, 0x00000000e7800000, 0x00000000e7900000|  0%| F|  |TAMS 0x00000000e7800000, 0x00000000e7800000| Untracked 
| 121|0x00000000e7900000, 0x00000000e7900000, 0x00000000e7a00000|  0%| F|  |TAMS 0x00000000e7900000, 0x00000000e7900000| Untracked 
| 122|0x00000000e7a00000, 0x00000000e7a00000, 0x00000000e7b00000|  0%| F|  |TAMS 0x00000000e7a00000, 0x00000000e7a00000| Untracked 
| 123|0x00000000e7b00000, 0x00000000e7b00000, 0x00000000e7c00000|  0%| F|  |TAMS 0x00000000e7b00000, 0x00000000e7b00000| Untracked 
| 124|0x00000000e7c00000, 0x00000000e7c00000, 0x00000000e7d00000|  0%| F|  |TAMS 0x00000000e7c00000, 0x00000000e7c00000| Untracked 
| 125|0x00000000e7d00000, 0x00000000e7d00000, 0x00000000e7e00000|  0%| F|  |TAMS 0x00000000e7d00000, 0x00000000e7d00000| Untracked 
| 126|0x00000000e7e00000, 0x00000000e7e00000, 0x00000000e7f00000|  0%| F|  |TAMS 0x00000000e7e00000, 0x00000000e7e00000| Untracked 
| 127|0x00000000e7f00000, 0x00000000e7f00000, 0x00000000e8000000|  0%| F|  |TAMS 0x00000000e7f00000, 0x00000000e7f00000| Untracked 
| 128|0x00000000e8000000, 0x00000000e8000000, 0x00000000e8100000|  0%| F|  |TAMS 0x00000000e8000000, 0x00000000e8000000| Untracked 
| 129|0x00000000e8100000, 0x00000000e8100000, 0x00000000e8200000|  0%| F|  |TAMS 0x00000000e8100000, 0x00000000e8100000| Untracked 
| 130|0x00000000e8200000, 0x00000000e8200000, 0x00000000e8300000|  0%| F|  |TAMS 0x00000000e8200000, 0x00000000e8200000| Untracked 
| 131|0x00000000e8300000, 0x00000000e8300000, 0x00000000e8400000|  0%| F|  |TAMS 0x00000000e8300000, 0x00000000e8300000| Untracked 
| 132|0x00000000e8400000, 0x00000000e8400000, 0x00000000e8500000|  0%| F|  |TAMS 0x00000000e8400000, 0x00000000e8400000| Untracked 
| 133|0x00000000e8500000, 0x00000000e8500000, 0x00000000e8600000|  0%| F|  |TAMS 0x00000000e8500000, 0x00000000e8500000| Untracked 
| 134|0x00000000e8600000, 0x00000000e8600000, 0x00000000e8700000|  0%| F|  |TAMS 0x00000000e8600000, 0x00000000e8600000| Untracked 
| 135|0x00000000e8700000, 0x00000000e8700000, 0x00000000e8800000|  0%| F|  |TAMS 0x00000000e8700000, 0x00000000e8700000| Untracked 
| 136|0x00000000e8800000, 0x00000000e8800000, 0x00000000e8900000|  0%| F|  |TAMS 0x00000000e8800000, 0x00000000e8800000| Untracked 
| 137|0x00000000e8900000, 0x00000000e8900000, 0x00000000e8a00000|  0%| F|  |TAMS 0x00000000e8900000, 0x00000000e8900000| Untracked 
| 138|0x00000000e8a00000, 0x00000000e8a00000, 0x00000000e8b00000|  0%| F|  |TAMS 0x00000000e8a00000, 0x00000000e8a00000| Untracked 
| 139|0x00000000e8b00000, 0x00000000e8b00000, 0x00000000e8c00000|  0%| F|  |TAMS 0x00000000e8b00000, 0x00000000e8b00000| Untracked 
| 140|0x00000000e8c00000, 0x00000000e8c00000, 0x00000000e8d00000|  0%| F|  |TAMS 0x00000000e8c00000, 0x00000000e8c00000| Untracked 
| 141|0x00000000e8d00000, 0x00000000e8d00000, 0x00000000e8e00000|  0%| F|  |TAMS 0x00000000e8d00000, 0x00000000e8d00000| Untracked 
| 142|0x00000000e8e00000, 0x00000000e8e00000, 0x00000000e8f00000|  0%| F|  |TAMS 0x00000000e8e00000, 0x00000000e8e00000| Untracked 
| 143|0x00000000e8f00000, 0x00000000e8f00000, 0x00000000e9000000|  0%| F|  |TAMS 0x00000000e8f00000, 0x00000000e8f00000| Untracked 
| 144|0x00000000e9000000, 0x00000000e9000000, 0x00000000e9100000|  0%| F|  |TAMS 0x00000000e9000000, 0x00000000e9000000| Untracked 
| 145|0x00000000e9100000, 0x00000000e9100000, 0x00000000e9200000|  0%| F|  |TAMS 0x00000000e9100000, 0x00000000e9100000| Untracked 
| 146|0x00000000e9200000, 0x00000000e9200000, 0x00000000e9300000|  0%| F|  |TAMS 0x00000000e9200000, 0x00000000e9200000| Untracked 
| 147|0x00000000e9300000, 0x00000000e9300000, 0x00000000e9400000|  0%| F|  |TAMS 0x00000000e9300000, 0x00000000e9300000| Untracked 
| 148|0x00000000e9400000, 0x00000000e9400000, 0x00000000e9500000|  0%| F|  |TAMS 0x00000000e9400000, 0x00000000e9400000| Untracked 
| 149|0x00000000e9500000, 0x00000000e9500000, 0x00000000e9600000|  0%| F|  |TAMS 0x00000000e9500000, 0x00000000e9500000| Untracked 
| 150|0x00000000e9600000, 0x00000000e9600000, 0x00000000e9700000|  0%| F|  |TAMS 0x00000000e9600000, 0x00000000e9600000| Untracked 
| 151|0x00000000e9700000, 0x00000000e9700000, 0x00000000e9800000|  0%| F|  |TAMS 0x00000000e9700000, 0x00000000e9700000| Untracked 
| 152|0x00000000e9800000, 0x00000000e9800000, 0x00000000e9900000|  0%| F|  |TAMS 0x00000000e9800000, 0x00000000e9800000| Untracked 
| 153|0x00000000e9900000, 0x00000000e9900000, 0x00000000e9a00000|  0%| F|  |TAMS 0x00000000e9900000, 0x00000000e9900000| Untracked 
| 154|0x00000000e9a00000, 0x00000000e9a00000, 0x00000000e9b00000|  0%| F|  |TAMS 0x00000000e9a00000, 0x00000000e9a00000| Untracked 
| 155|0x00000000e9b00000, 0x00000000e9b00000, 0x00000000e9c00000|  0%| F|  |TAMS 0x00000000e9b00000, 0x00000000e9b00000| Untracked 
| 156|0x00000000e9c00000, 0x00000000e9c00000, 0x00000000e9d00000|  0%| F|  |TAMS 0x00000000e9c00000, 0x00000000e9c00000| Untracked 
| 157|0x00000000e9d00000, 0x00000000e9d00000, 0x00000000e9e00000|  0%| F|  |TAMS 0x00000000e9d00000, 0x00000000e9d00000| Untracked 
| 158|0x00000000e9e00000, 0x00000000e9e00000, 0x00000000e9f00000|  0%| F|  |TAMS 0x00000000e9e00000, 0x00000000e9e00000| Untracked 
| 159|0x00000000e9f00000, 0x00000000e9f00000, 0x00000000ea000000|  0%| F|  |TAMS 0x00000000e9f00000, 0x00000000e9f00000| Untracked 
| 160|0x00000000ea000000, 0x00000000ea000000, 0x00000000ea100000|  0%| F|  |TAMS 0x00000000ea000000, 0x00000000ea000000| Untracked 
| 161|0x00000000ea100000, 0x00000000ea100000, 0x00000000ea200000|  0%| F|  |TAMS 0x00000000ea100000, 0x00000000ea100000| Untracked 
| 162|0x00000000ea200000, 0x00000000ea200000, 0x00000000ea300000|  0%| F|  |TAMS 0x00000000ea200000, 0x00000000ea200000| Untracked 
| 163|0x00000000ea300000, 0x00000000ea300000, 0x00000000ea400000|  0%| F|  |TAMS 0x00000000ea300000, 0x00000000ea300000| Untracked 
| 164|0x00000000ea400000, 0x00000000ea400000, 0x00000000ea500000|  0%| F|  |TAMS 0x00000000ea400000, 0x00000000ea400000| Untracked 
| 165|0x00000000ea500000, 0x00000000ea500000, 0x00000000ea600000|  0%| F|  |TAMS 0x00000000ea500000, 0x00000000ea500000| Untracked 
| 166|0x00000000ea600000, 0x00000000ea600000, 0x00000000ea700000|  0%| F|  |TAMS 0x00000000ea600000, 0x00000000ea600000| Untracked 
| 167|0x00000000ea700000, 0x00000000ea700000, 0x00000000ea800000|  0%| F|  |TAMS 0x00000000ea700000, 0x00000000ea700000| Untracked 
| 168|0x00000000ea800000, 0x00000000ea800000, 0x00000000ea900000|  0%| F|  |TAMS 0x00000000ea800000, 0x00000000ea800000| Untracked 
| 169|0x00000000ea900000, 0x00000000ea900000, 0x00000000eaa00000|  0%| F|  |TAMS 0x00000000ea900000, 0x00000000ea900000| Untracked 
| 170|0x00000000eaa00000, 0x00000000eaa00000, 0x00000000eab00000|  0%| F|  |TAMS 0x00000000eaa00000, 0x00000000eaa00000| Untracked 
| 171|0x00000000eab00000, 0x00000000eab00000, 0x00000000eac00000|  0%| F|  |TAMS 0x00000000eab00000, 0x00000000eab00000| Untracked 
| 172|0x00000000eac00000, 0x00000000eac00000, 0x00000000ead00000|  0%| F|  |TAMS 0x00000000eac00000, 0x00000000eac00000| Untracked 
| 173|0x00000000ead00000, 0x00000000ead00000, 0x00000000eae00000|  0%| F|  |TAMS 0x00000000ead00000, 0x00000000ead00000| Untracked 
| 174|0x00000000eae00000, 0x00000000eae00000, 0x00000000eaf00000|  0%| F|  |TAMS 0x00000000eae00000, 0x00000000eae00000| Untracked 
| 175|0x00000000eaf00000, 0x00000000eaf00000, 0x00000000eb000000|  0%| F|  |TAMS 0x00000000eaf00000, 0x00000000eaf00000| Untracked 
| 176|0x00000000eb000000, 0x00000000eb000000, 0x00000000eb100000|  0%| F|  |TAMS 0x00000000eb000000, 0x00000000eb000000| Untracked 
| 177|0x00000000eb100000, 0x00000000eb100000, 0x00000000eb200000|  0%| F|  |TAMS 0x00000000eb100000, 0x00000000eb100000| Untracked 
| 178|0x00000000eb200000, 0x00000000eb200000, 0x00000000eb300000|  0%| F|  |TAMS 0x00000000eb200000, 0x00000000eb200000| Untracked 
| 179|0x00000000eb300000, 0x00000000eb300000, 0x00000000eb400000|  0%| F|  |TAMS 0x00000000eb300000, 0x00000000eb300000| Untracked 
| 180|0x00000000eb400000, 0x00000000eb400000, 0x00000000eb500000|  0%| F|  |TAMS 0x00000000eb400000, 0x00000000eb400000| Untracked 
| 181|0x00000000eb500000, 0x00000000eb500000, 0x00000000eb600000|  0%| F|  |TAMS 0x00000000eb500000, 0x00000000eb500000| Untracked 
| 182|0x00000000eb600000, 0x00000000eb600000, 0x00000000eb700000|  0%| F|  |TAMS 0x00000000eb600000, 0x00000000eb600000| Untracked 
| 183|0x00000000eb700000, 0x00000000eb700000, 0x00000000eb800000|  0%| F|  |TAMS 0x00000000eb700000, 0x00000000eb700000| Untracked 
| 184|0x00000000eb800000, 0x00000000eb800000, 0x00000000eb900000|  0%| F|  |TAMS 0x00000000eb800000, 0x00000000eb800000| Untracked 
| 185|0x00000000eb900000, 0x00000000eb900000, 0x00000000eba00000|  0%| F|  |TAMS 0x00000000eb900000, 0x00000000eb900000| Untracked 
| 186|0x00000000eba00000, 0x00000000eba00000, 0x00000000ebb00000|  0%| F|  |TAMS 0x00000000eba00000, 0x00000000eba00000| Untracked 
| 187|0x00000000ebb00000, 0x00000000ebb00000, 0x00000000ebc00000|  0%| F|  |TAMS 0x00000000ebb00000, 0x00000000ebb00000| Untracked 
| 188|0x00000000ebc00000, 0x00000000ebc00000, 0x00000000ebd00000|  0%| F|  |TAMS 0x00000000ebc00000, 0x00000000ebc00000| Untracked 
| 189|0x00000000ebd00000, 0x00000000ebd00000, 0x00000000ebe00000|  0%| F|  |TAMS 0x00000000ebd00000, 0x00000000ebd00000| Untracked 
| 190|0x00000000ebe00000, 0x00000000ebe00000, 0x00000000ebf00000|  0%| F|  |TAMS 0x00000000ebe00000, 0x00000000ebe00000| Untracked 
| 191|0x00000000ebf00000, 0x00000000ebf00000, 0x00000000ec000000|  0%| F|  |TAMS 0x00000000ebf00000, 0x00000000ebf00000| Untracked 
| 192|0x00000000ec000000, 0x00000000ec000000, 0x00000000ec100000|  0%| F|  |TAMS 0x00000000ec000000, 0x00000000ec000000| Untracked 
| 193|0x00000000ec100000, 0x00000000ec100000, 0x00000000ec200000|  0%| F|  |TAMS 0x00000000ec100000, 0x00000000ec100000| Untracked 
| 194|0x00000000ec200000, 0x00000000ec200000, 0x00000000ec300000|  0%| F|  |TAMS 0x00000000ec200000, 0x00000000ec200000| Untracked 
| 195|0x00000000ec300000, 0x00000000ec300000, 0x00000000ec400000|  0%| F|  |TAMS 0x00000000ec300000, 0x00000000ec300000| Untracked 
| 196|0x00000000ec400000, 0x00000000ec400000, 0x00000000ec500000|  0%| F|  |TAMS 0x00000000ec400000, 0x00000000ec400000| Untracked 
| 197|0x00000000ec500000, 0x00000000ec500000, 0x00000000ec600000|  0%| F|  |TAMS 0x00000000ec500000, 0x00000000ec500000| Untracked 
| 198|0x00000000ec600000, 0x00000000ec600000, 0x00000000ec700000|  0%| F|  |TAMS 0x00000000ec600000, 0x00000000ec600000| Untracked 
| 199|0x00000000ec700000, 0x00000000ec700000, 0x00000000ec800000|  0%| F|  |TAMS 0x00000000ec700000, 0x00000000ec700000| Untracked 
| 200|0x00000000ec800000, 0x00000000ec800000, 0x00000000ec900000|  0%| F|  |TAMS 0x00000000ec800000, 0x00000000ec800000| Untracked 
| 201|0x00000000ec900000, 0x00000000ec900000, 0x00000000eca00000|  0%| F|  |TAMS 0x00000000ec900000, 0x00000000ec900000| Untracked 
| 202|0x00000000eca00000, 0x00000000eca00000, 0x00000000ecb00000|  0%| F|  |TAMS 0x00000000eca00000, 0x00000000eca00000| Untracked 
| 203|0x00000000ecb00000, 0x00000000ecb00000, 0x00000000ecc00000|  0%| F|  |TAMS 0x00000000ecb00000, 0x00000000ecb00000| Untracked 
| 204|0x00000000ecc00000, 0x00000000ecc00000, 0x00000000ecd00000|  0%| F|  |TAMS 0x00000000ecc00000, 0x00000000ecc00000| Untracked 
| 205|0x00000000ecd00000, 0x00000000ecd00000, 0x00000000ece00000|  0%| F|  |TAMS 0x00000000ecd00000, 0x00000000ecd00000| Untracked 
| 206|0x00000000ece00000, 0x00000000ece00000, 0x00000000ecf00000|  0%| F|  |TAMS 0x00000000ece00000, 0x00000000ece00000| Untracked 
| 207|0x00000000ecf00000, 0x00000000ecf00000, 0x00000000ed000000|  0%| F|  |TAMS 0x00000000ecf00000, 0x00000000ecf00000| Untracked 
| 208|0x00000000ed000000, 0x00000000ed000000, 0x00000000ed100000|  0%| F|  |TAMS 0x00000000ed000000, 0x00000000ed000000| Untracked 
| 209|0x00000000ed100000, 0x00000000ed100000, 0x00000000ed200000|  0%| F|  |TAMS 0x00000000ed100000, 0x00000000ed100000| Untracked 
| 210|0x00000000ed200000, 0x00000000ed200000, 0x00000000ed300000|  0%| F|  |TAMS 0x00000000ed200000, 0x00000000ed200000| Untracked 
| 211|0x00000000ed300000, 0x00000000ed300000, 0x00000000ed400000|  0%| F|  |TAMS 0x00000000ed300000, 0x00000000ed300000| Untracked 
| 212|0x00000000ed400000, 0x00000000ed400000, 0x00000000ed500000|  0%| F|  |TAMS 0x00000000ed400000, 0x00000000ed400000| Untracked 
| 213|0x00000000ed500000, 0x00000000ed500000, 0x00000000ed600000|  0%| F|  |TAMS 0x00000000ed500000, 0x00000000ed500000| Untracked 
| 214|0x00000000ed600000, 0x00000000ed600000, 0x00000000ed700000|  0%| F|  |TAMS 0x00000000ed600000, 0x00000000ed600000| Untracked 
| 215|0x00000000ed700000, 0x00000000ed700000, 0x00000000ed800000|  0%| F|  |TAMS 0x00000000ed700000, 0x00000000ed700000| Untracked 
| 216|0x00000000ed800000, 0x00000000ed800000, 0x00000000ed900000|  0%| F|  |TAMS 0x00000000ed800000, 0x00000000ed800000| Untracked 
| 217|0x00000000ed900000, 0x00000000ed900000, 0x00000000eda00000|  0%| F|  |TAMS 0x00000000ed900000, 0x00000000ed900000| Untracked 
| 218|0x00000000eda00000, 0x00000000eda00000, 0x00000000edb00000|  0%| F|  |TAMS 0x00000000eda00000, 0x00000000eda00000| Untracked 
| 219|0x00000000edb00000, 0x00000000edb00000, 0x00000000edc00000|  0%| F|  |TAMS 0x00000000edb00000, 0x00000000edb00000| Untracked 
| 220|0x00000000edc00000, 0x00000000edc00000, 0x00000000edd00000|  0%| F|  |TAMS 0x00000000edc00000, 0x00000000edc00000| Untracked 
| 221|0x00000000edd00000, 0x00000000edd00000, 0x00000000ede00000|  0%| F|  |TAMS 0x00000000edd00000, 0x00000000edd00000| Untracked 
| 222|0x00000000ede00000, 0x00000000ede00000, 0x00000000edf00000|  0%| F|  |TAMS 0x00000000ede00000, 0x00000000ede00000| Untracked 
| 223|0x00000000edf00000, 0x00000000edf00000, 0x00000000ee000000|  0%| F|  |TAMS 0x00000000edf00000, 0x00000000edf00000| Untracked 
| 224|0x00000000ee000000, 0x00000000ee000000, 0x00000000ee100000|  0%| F|  |TAMS 0x00000000ee000000, 0x00000000ee000000| Untracked 
| 225|0x00000000ee100000, 0x00000000ee100000, 0x00000000ee200000|  0%| F|  |TAMS 0x00000000ee100000, 0x00000000ee100000| Untracked 
| 226|0x00000000ee200000, 0x00000000ee200000, 0x00000000ee300000|  0%| F|  |TAMS 0x00000000ee200000, 0x00000000ee200000| Untracked 
| 227|0x00000000ee300000, 0x00000000ee400000, 0x00000000ee400000|100%| S|CS|TAMS 0x00000000ee300000, 0x00000000ee300000| Complete 
| 228|0x00000000ee400000, 0x00000000ee500000, 0x00000000ee500000|100%| S|CS|TAMS 0x00000000ee400000, 0x00000000ee400000| Complete 
| 229|0x00000000ee500000, 0x00000000ee600000, 0x00000000ee600000|100%| S|CS|TAMS 0x00000000ee500000, 0x00000000ee500000| Complete 
| 230|0x00000000ee600000, 0x00000000ee700000, 0x00000000ee700000|100%| S|CS|TAMS 0x00000000ee600000, 0x00000000ee600000| Complete 
| 231|0x00000000ee700000, 0x00000000ee800000, 0x00000000ee800000|100%| S|CS|TAMS 0x00000000ee700000, 0x00000000ee700000| Complete 
| 232|0x00000000ee800000, 0x00000000ee800000, 0x00000000ee900000|  0%| F|  |TAMS 0x00000000ee800000, 0x00000000ee800000| Untracked 
| 233|0x00000000ee900000, 0x00000000ee900000, 0x00000000eea00000|  0%| F|  |TAMS 0x00000000ee900000, 0x00000000ee900000| Untracked 
| 234|0x00000000eea00000, 0x00000000eea00000, 0x00000000eeb00000|  0%| F|  |TAMS 0x00000000eea00000, 0x00000000eea00000| Untracked 
| 235|0x00000000eeb00000, 0x00000000eeb00000, 0x00000000eec00000|  0%| F|  |TAMS 0x00000000eeb00000, 0x00000000eeb00000| Untracked 
| 236|0x00000000eec00000, 0x00000000eec00000, 0x00000000eed00000|  0%| F|  |TAMS 0x00000000eec00000, 0x00000000eec00000| Untracked 
| 237|0x00000000eed00000, 0x00000000eed00000, 0x00000000eee00000|  0%| F|  |TAMS 0x00000000eed00000, 0x00000000eed00000| Untracked 
| 238|0x00000000eee00000, 0x00000000eee00000, 0x00000000eef00000|  0%| F|  |TAMS 0x00000000eee00000, 0x00000000eee00000| Untracked 
| 239|0x00000000eef00000, 0x00000000eef00000, 0x00000000ef000000|  0%| F|  |TAMS 0x00000000eef00000, 0x00000000eef00000| Untracked 
| 240|0x00000000ef000000, 0x00000000ef000000, 0x00000000ef100000|  0%| F|  |TAMS 0x00000000ef000000, 0x00000000ef000000| Untracked 
| 241|0x00000000ef100000, 0x00000000ef100000, 0x00000000ef200000|  0%| F|  |TAMS 0x00000000ef100000, 0x00000000ef100000| Untracked 
| 242|0x00000000ef200000, 0x00000000ef200000, 0x00000000ef300000|  0%| F|  |TAMS 0x00000000ef200000, 0x00000000ef200000| Untracked 
| 243|0x00000000ef300000, 0x00000000ef300000, 0x00000000ef400000|  0%| F|  |TAMS 0x00000000ef300000, 0x00000000ef300000| Untracked 
| 244|0x00000000ef400000, 0x00000000ef400000, 0x00000000ef500000|  0%| F|  |TAMS 0x00000000ef400000, 0x00000000ef400000| Untracked 
| 245|0x00000000ef500000, 0x00000000ef500000, 0x00000000ef600000|  0%| F|  |TAMS 0x00000000ef500000, 0x00000000ef500000| Untracked 
| 246|0x00000000ef600000, 0x00000000ef600000, 0x00000000ef700000|  0%| F|  |TAMS 0x00000000ef600000, 0x00000000ef600000| Untracked 
| 247|0x00000000ef700000, 0x00000000ef700000, 0x00000000ef800000|  0%| F|  |TAMS 0x00000000ef700000, 0x00000000ef700000| Untracked 
| 251|0x00000000efb00000, 0x00000000efbe35a0, 0x00000000efc00000| 88%| E|  |TAMS 0x00000000efb00000, 0x00000000efb00000| Complete 

Card table byte_map: [0x000001f4968d0000,0x000001f4969d0000] _byte_map_base: 0x000001f4961d0000

Marking Bits (Prev, Next): (CMBitMap*) 0x000001f4ffb8db40, (CMBitMap*) 0x000001f4ffb8db00
 Prev Bits: [0x000001f4972d0000, 0x000001f497ad0000)
 Next Bits: [0x000001f496ad0000, 0x000001f4972d0000)

Polling page: 0x000001f4fdc80000

Metaspace:

Usage:
  Non-class:     17.83 MB used.
      Class:      2.97 MB used.
       Both:     20.80 MB used.

Virtual space:
  Non-class space:       64.00 MB reserved,      18.00 MB ( 28%) committed,  1 nodes.
      Class space:        1.00 GB reserved,       3.12 MB ( <1%) committed,  1 nodes.
             Both:        1.06 GB reserved,      21.12 MB (  2%) committed. 

Chunk freelists:
   Non-Class:  13.39 MB
       Class:  12.75 MB
        Both:  26.14 MB

MaxMetaspaceSize: unlimited
CompressedClassSpaceSize: 1.00 GB
Initial GC threshold: 21.00 MB
Current GC threshold: 35.25 MB
CDS: on
MetaspaceReclaimPolicy: balanced
 - commit_granule_bytes: 65536.
 - commit_granule_words: 8192.
 - virtual_space_node_default_size: 8388608.
 - enlarge_chunks_in_place: 1.
 - new_chunks_are_fully_committed: 0.
 - uncommit_free_chunks: 1.
 - use_allocation_guard: 0.
 - handle_deallocations: 1.


Internal statistics:

num_allocs_failed_limit: 3.
num_arena_births: 352.
num_arena_deaths: 0.
num_vsnodes_births: 2.
num_vsnodes_deaths: 0.
num_space_committed: 338.
num_space_uncommitted: 0.
num_chunks_returned_to_freelist: 3.
num_chunks_taken_from_freelist: 1086.
num_chunk_merges: 3.
num_chunk_splits: 715.
num_chunks_enlarged: 545.
num_purges: 0.
num_inconsistent_stats: 0.

CodeHeap 'non-profiled nmethods': size=120000Kb used=1171Kb max_used=1171Kb free=118828Kb
 bounds [0x000001f48f2a0000, 0x000001f48f510000, 0x000001f4967d0000]
CodeHeap 'profiled nmethods': size=120000Kb used=5165Kb max_used=5165Kb free=114834Kb
 bounds [0x000001f4877d0000, 0x000001f487ce0000, 0x000001f48ed00000]
CodeHeap 'non-nmethods': size=5760Kb used=1230Kb max_used=1271Kb free=4529Kb
 bounds [0x000001f48ed00000, 0x000001f48ef70000, 0x000001f48f2a0000]
 total_blobs=3116 nmethods=2596 adapters=432
 compilation: enabled
              stopped_count=0, restarted_count=0
 full_count=0

Compilation events (20 events):
Event: 5.084 Thread 0x000001f49a54df50 2588       3       java.lang.Class$AnnotationData::<init> (20 bytes)
Event: 5.084 Thread 0x000001f49a54df50 nmethod 2588 0x000001f487cd5290 code [0x000001f487cd5440, 0x000001f487cd5658]
Event: 5.097 Thread 0x000001f49a54df50 2589       3       java.lang.Class::createAnnotationData (195 bytes)
Event: 5.098 Thread 0x000001f49a54df50 nmethod 2589 0x000001f487cd5710 code [0x000001f487cd5a80, 0x000001f487cd7078]
Event: 5.098 Thread 0x000001f49a54df50 2590       3       java.lang.Class$Atomic::casAnnotationData (13 bytes)
Event: 5.098 Thread 0x000001f49a54df50 nmethod 2590 0x000001f487cd7790 code [0x000001f487cd7920, 0x000001f487cd7a78]
Event: 5.104 Thread 0x000001f49a54df50 2591       3       java.util.Collections::singletonList (9 bytes)
Event: 5.104 Thread 0x000001f49a54df50 nmethod 2591 0x000001f487cd7b10 code [0x000001f487cd7cc0, 0x000001f487cd7fd8]
Event: 5.104 Thread 0x000001f49a54df50 2592       3       java.util.Collections$SingletonList::<init> (10 bytes)
Event: 5.104 Thread 0x000001f49a54df50 nmethod 2592 0x000001f487cd8110 code [0x000001f487cd82c0, 0x000001f487cd8558]
Event: 5.106 Thread 0x000001f49a54df50 2593       3       java.lang.Class::getAnnotation (22 bytes)
Event: 5.106 Thread 0x000001f49a54df50 nmethod 2593 0x000001f487cd8690 code [0x000001f487cd8860, 0x000001f487cd8ce8]
Event: 5.106 Thread 0x000001f49a54df50 2594       3       java.lang.PublicMethods::merge (81 bytes)
Event: 5.107 Thread 0x000001f49a54df50 nmethod 2594 0x000001f487cd8e90 code [0x000001f487cd90e0, 0x000001f487cd9b08]
Event: 5.107 Thread 0x000001f49a54df50 2595       3       java.lang.PublicMethods$Key::<init> (24 bytes)
Event: 5.107 Thread 0x000001f49a54df50 nmethod 2595 0x000001f487cd9f10 code [0x000001f487cda0e0, 0x000001f487cda458]
Event: 5.107 Thread 0x000001f49a54df50 2596       3       java.util.LinkedHashMap$LinkedValues::iterator (12 bytes)
Event: 5.107 Thread 0x000001f49a54df50 nmethod 2596 0x000001f487cda610 code [0x000001f487cda7c0, 0x000001f487cdab78]
Event: 5.107 Thread 0x000001f49a54df50 2597       3       java.util.LinkedHashMap$LinkedValueIterator::<init> (11 bytes)
Event: 5.107 Thread 0x000001f49a54df50 nmethod 2597 0x000001f487cdac90 code [0x000001f487cdae40, 0x000001f487cdb158]

GC Heap History (6 events):
Event: 0.629 GC heap before
{Heap before GC invocations=0 (full 0):
 garbage-first heap   total 258048K, used 25600K [0x00000000e0000000, 0x0000000100000000)
  region size 1024K, 23 young (23552K), 0 survivors (0K)
 Metaspace       used 5691K, committed 5888K, reserved 1114112K
  class space    used 734K, committed 832K, reserved 1048576K
}
Event: 0.633 GC heap after
{Heap after GC invocations=1 (full 0):
 garbage-first heap   total 258048K, used 11004K [0x00000000e0000000, 0x0000000100000000)
  region size 1024K, 3 young (3072K), 3 survivors (3072K)
 Metaspace       used 5691K, committed 5888K, reserved 1114112K
  class space    used 734K, committed 832K, reserved 1048576K
}
Event: 0.984 GC heap before
{Heap before GC invocations=1 (full 0):
 garbage-first heap   total 258048K, used 29436K [0x00000000e0000000, 0x0000000100000000)
  region size 1024K, 21 young (21504K), 3 survivors (3072K)
 Metaspace       used 9370K, committed 9536K, reserved 1114112K
  class space    used 1264K, committed 1344K, reserved 1048576K
}
Event: 0.986 GC heap after
{Heap after GC invocations=2 (full 0):
 garbage-first heap   total 258048K, used 12295K [0x00000000e0000000, 0x0000000100000000)
  region size 1024K, 2 young (2048K), 2 survivors (2048K)
 Metaspace       used 9370K, committed 9536K, reserved 1114112K
  class space    used 1264K, committed 1344K, reserved 1048576K
}
Event: 3.945 GC heap before
{Heap before GC invocations=2 (full 0):
 garbage-first heap   total 258048K, used 54279K [0x00000000e0000000, 0x0000000100000000)
  region size 1024K, 44 young (45056K), 2 survivors (2048K)
 Metaspace       used 17808K, committed 18112K, reserved 1114112K
  class space    used 2493K, committed 2624K, reserved 1048576K
}
Event: 3.948 GC heap after
{Heap after GC invocations=3 (full 0):
 garbage-first heap   total 258048K, used 15155K [0x00000000e0000000, 0x0000000100000000)
  region size 1024K, 4 young (4096K), 4 survivors (4096K)
 Metaspace       used 17808K, committed 18112K, reserved 1114112K
  class space    used 2493K, committed 2624K, reserved 1048576K
}

Deoptimization events (20 events):
Event: 2.742 Thread 0x000001f4ffb5d530 Uncommon trap: trap_request=0xffffff45 fr.pc=0x000001f48f2f5340 relative=0x0000000000000420
Event: 2.742 Thread 0x000001f4ffb5d530 Uncommon trap: reason=unstable_if action=reinterpret pc=0x000001f48f2f5340 method=java.lang.StringBuilder.toString()Ljava/lang/String; @ 4 c2
Event: 2.742 Thread 0x000001f4ffb5d530 DEOPT PACKING pc=0x000001f48f2f5340 sp=0x000000f05fef9750
Event: 2.742 Thread 0x000001f4ffb5d530 DEOPT UNPACKING pc=0x000001f48ed55ba3 sp=0x000000f05fef9730 mode 2
Event: 2.798 Thread 0x000001f4ffb5d530 Uncommon trap: trap_request=0xffffffc6 fr.pc=0x000001f48f36dc00 relative=0x00000000000007e0
Event: 2.798 Thread 0x000001f4ffb5d530 Uncommon trap: reason=bimorphic_or_optimized_type_check action=maybe_recompile pc=0x000001f48f36dc00 method=java.util.HashMap.putVal(ILjava/lang/Object;Ljava/lang/Object;ZZ)Ljava/lang/Object; @ 91 c2
Event: 2.798 Thread 0x000001f4ffb5d530 DEOPT PACKING pc=0x000001f48f36dc00 sp=0x000000f05fefa530
Event: 2.798 Thread 0x000001f4ffb5d530 DEOPT UNPACKING pc=0x000001f48ed55ba3 sp=0x000000f05fefa4c0 mode 2
Event: 2.912 Thread 0x000001f4ffb5d530 Uncommon trap: trap_request=0xffffff45 fr.pc=0x000001f48f38bca4 relative=0x00000000000005c4
Event: 2.912 Thread 0x000001f4ffb5d530 Uncommon trap: reason=unstable_if action=reinterpret pc=0x000001f48f38bca4 method=jdk.internal.org.objectweb.asm.MethodWriter.visitVarInsn(II)V @ 108 c2
Event: 2.912 Thread 0x000001f4ffb5d530 DEOPT PACKING pc=0x000001f48f38bca4 sp=0x000000f05fef45a0
Event: 2.912 Thread 0x000001f4ffb5d530 DEOPT UNPACKING pc=0x000001f48ed55ba3 sp=0x000000f05fef4568 mode 2
Event: 3.939 Thread 0x000001f4ffb5d530 Uncommon trap: trap_request=0xffffff45 fr.pc=0x000001f48f34ab38 relative=0x0000000000001bf8
Event: 3.939 Thread 0x000001f4ffb5d530 Uncommon trap: reason=unstable_if action=reinterpret pc=0x000001f48f34ab38 method=java.net.URL.<init>(Ljava/net/URL;Ljava/lang/String;Ljava/net/URLStreamHandler;)V @ 347 c2
Event: 3.939 Thread 0x000001f4ffb5d530 DEOPT PACKING pc=0x000001f48f34ab38 sp=0x000000f05fefb210
Event: 3.939 Thread 0x000001f4ffb5d530 DEOPT UNPACKING pc=0x000001f48ed55ba3 sp=0x000000f05fefb1b0 mode 2
Event: 5.079 Thread 0x000001f4ffb5d530 Uncommon trap: trap_request=0xffffff45 fr.pc=0x000001f48f37faec relative=0x00000000000012cc
Event: 5.079 Thread 0x000001f4ffb5d530 Uncommon trap: reason=unstable_if action=reinterpret pc=0x000001f48f37faec method=java.util.concurrent.ConcurrentHashMap.putVal(Ljava/lang/Object;Ljava/lang/Object;Z)Ljava/lang/Object; @ 231 c2
Event: 5.079 Thread 0x000001f4ffb5d530 DEOPT PACKING pc=0x000001f48f37faec sp=0x000000f05fefae50
Event: 5.079 Thread 0x000001f4ffb5d530 DEOPT UNPACKING pc=0x000001f48ed55ba3 sp=0x000000f05fefadd0 mode 2

Classes unloaded (0 events):
No events

Classes redefined (0 events):
No events

Internal exceptions (20 events):
Event: 2.630 Thread 0x000001f4ffb5d530 Exception <a 'sun/nio/fs/WindowsException'{0x00000000ee07f560}> (0x00000000ee07f560) 
thrown [s\open\src\hotspot\share\prims\jni.cpp, line 516]
Event: 2.635 Thread 0x000001f4ffb5d530 Exception <a 'java/lang/NoSuchMethodError'{0x00000000ee09e088}: 'java.lang.Object java.lang.invoke.DirectMethodHandle$Holder.invokeStatic(java.lang.Object, java.lang.Object, long, java.lang.Object)'> (0x00000000ee09e088) 
thrown [s\open\src\hotspot\share\interpreter\linkResolver.cpp, line 759]
Event: 2.635 Thread 0x000001f4ffb5d530 Exception <a 'java/lang/NoSuchMethodError'{0x00000000ee0a2070}: 'java.lang.Object java.lang.invoke.DirectMethodHandle$Holder.invokeStaticInit(java.lang.Object, java.lang.Object, long, java.lang.Object)'> (0x00000000ee0a2070) 
thrown [s\open\src\hotspot\share\interpreter\linkResolver.cpp, line 759]
Event: 2.635 Thread 0x000001f4ffb5d530 Exception <a 'java/lang/NoSuchMethodError'{0x00000000ee0a8bd0}: 'java.lang.Object java.lang.invoke.DirectMethodHandle$Holder.newInvokeSpecial(java.lang.Object, java.lang.Object, long)'> (0x00000000ee0a8bd0) 
thrown [s\open\src\hotspot\share\interpreter\linkResolver.cpp, line 759]
Event: 2.635 Thread 0x000001f4ffb5d530 Exception <a 'java/lang/NoSuchMethodError'{0x00000000ee0acf38}: 'java.lang.Object java.lang.invoke.Invokers$Holder.linkToTargetMethod(java.lang.Object, long, java.lang.Object)'> (0x00000000ee0acf38) 
thrown [s\open\src\hotspot\share\interpreter\linkResolver.cpp, line 759]
Event: 2.656 Thread 0x000001f4ffb5d530 Implicit null exception at 0x000001f48f2eb70c to 0x000001f48f2eb934
Event: 2.665 Thread 0x000001f4ffb5d530 Exception <a 'java/lang/NoSuchMethodError'{0x00000000ede91248}: 'java.lang.Object java.lang.invoke.DirectMethodHandle$Holder.invokeSpecial(java.lang.Object, java.lang.Object, java.lang.Object, java.lang.Object, java.lang.Object, java.lang.Object, int)'> (0x00000000ede91248) 
thrown [s\open\src\hotspot\share\interpreter\linkResolver.cpp, line 759]
Event: 2.665 Thread 0x000001f4ffb5d530 Exception <a 'java/lang/NoSuchMethodError'{0x00000000ede9bfa8}: 'java.lang.Object java.lang.invoke.DirectMethodHandle$Holder.newInvokeSpecial(java.lang.Object, java.lang.Object, java.lang.Object, java.lang.Object, java.lang.Object, java.lang.Object, int)'> (0x00000000ede9bfa8) 
thrown [s\open\src\hotspot\share\interpreter\linkResolver.cpp, line 759]
Event: 2.665 Thread 0x000001f4ffb5d530 Exception <a 'java/lang/NoSuchMethodError'{0x00000000edea17e0}: 'java.lang.Object java.lang.invoke.DirectMethodHandle$Holder.invokeSpecial(java.lang.Object, java.lang.Object, java.lang.Object, java.lang.Object, java.lang.Object, java.lang.Object, java.lang.Object, int)'> (0x00000000edea17e0) 
thrown [s\open\src\hotspot\share\interpreter\linkResolver.cpp, line 759]
Event: 2.684 Thread 0x000001f4ffb5d530 Implicit null exception at 0x000001f48f377e17 to 0x000001f48f37b4ec
Event: 2.691 Thread 0x000001f4ffb5d530 Exception <a 'java/lang/NoSuchMethodError'{0x00000000edc123b8}: 'void java.lang.invoke.DirectMethodHandle$Holder.invokeStatic(java.lang.Object, java.lang.Object, java.lang.Object, java.lang.Object, java.lang.Object, java.lang.Object)'> (0x00000000edc123b8) 
thrown [s\open\src\hotspot\share\interpreter\linkResolver.cpp, line 759]
Event: 2.763 Thread 0x000001f4ffb5d530 Exception <a 'java/lang/NoSuchMethodError'{0x00000000ed83ef30}: 'java.lang.Object java.lang.invoke.DirectMethodHandle$Holder.invokeSpecial(java.lang.Object, java.lang.Object, java.lang.Object, int, java.lang.Object)'> (0x00000000ed83ef30) 
thrown [s\open\src\hotspot\share\interpreter\linkResolver.cpp, line 759]
Event: 2.763 Thread 0x000001f4ffb5d530 Exception <a 'java/lang/NoSuchMethodError'{0x00000000ed847858}: 'java.lang.Object java.lang.invoke.DirectMethodHandle$Holder.newInvokeSpecial(java.lang.Object, java.lang.Object, java.lang.Object, int, java.lang.Object)'> (0x00000000ed847858) 
thrown [s\open\src\hotspot\share\interpreter\linkResolver.cpp, line 759]
Event: 2.764 Thread 0x000001f4ffb5d530 Exception <a 'java/lang/NoSuchMethodError'{0x00000000ed84f650}: 'java.lang.Object java.lang.invoke.Invokers$Holder.linkToTargetMethod(java.lang.Object, java.lang.Object, int, java.lang.Object, java.lang.Object)'> (0x00000000ed84f650) 
thrown [s\open\src\hotspot\share\interpreter\linkResolver.cpp, line 759]
Event: 2.764 Thread 0x000001f4ffb5d530 Exception <a 'java/lang/NoSuchMethodError'{0x00000000ed85fe78}: 'java.lang.Object java.lang.invoke.DirectMethodHandle$Holder.newInvokeSpecial(java.lang.Object, int, java.lang.Object)'> (0x00000000ed85fe78) 
thrown [s\open\src\hotspot\share\interpreter\linkResolver.cpp, line 759]
Event: 2.859 Thread 0x000001f4ffb5d530 Exception <a 'java/lang/NoSuchMethodError'{0x00000000ed468130}: 'java.lang.Object java.lang.invoke.DirectMethodHandle$Holder.invokeSpecial(java.lang.Object, java.lang.Object, long, java.lang.Object, java.lang.Object, java.lang.Object, java.lang.Object, java.lang.Object, java.lang.Object)'> (0x00000000ed468130) 
thrown [s\open\src\hotspot\share\interpreter\linkResolver.cpp, line 759]
Event: 2.859 Thread 0x000001f4ffb5d530 Exception <a 'java/lang/NoSuchMethodError'{0x00000000ed46d1a8}: 'java.lang.Object java.lang.invoke.DelegatingMethodHandle$Holder.reinvoke_L(java.lang.Object, long, java.lang.Object, java.lang.Object, java.lang.Object, java.lang.Object, java.lang.Object, java.lang.Object)'> (0x00000000ed46d1a8) 
thrown [s\open\src\hotspot\share\interpreter\linkResolver.cpp, line 759]
Event: 2.912 Thread 0x000001f4ffb5d530 Implicit null exception at 0x000001f48f38b799 to 0x000001f48f38bc98
Event: 3.935 Thread 0x000001f4ffb5d530 Exception <a 'java/lang/IncompatibleClassChangeError'{0x00000000ed1f2f08}: Found class java.lang.Object, but interface was expected> (0x00000000ed1f2f08) 
thrown [s\open\src\hotspot\share\interpreter\linkResolver.cpp, line 826]
Event: 3.960 Thread 0x000001f4e1c7db10 Exception <a 'java/lang/NoSuchMethodError'{0x00000000efa34a88}: 'java.lang.Object java.lang.invoke.Invokers$Holder.invoke_MT(java.lang.Object, java.lang.Object, java.lang.Object)'> (0x00000000efa34a88) 
thrown [s\open\src\hotspot\share\interpreter\linkResolver.cpp, line 759]

VM Operations (20 events):
Event: 0.772 Executing VM operation: HandshakeAllThreads
Event: 0.772 Executing VM operation: HandshakeAllThreads done
Event: 0.984 Executing VM operation: G1CollectForAllocation
Event: 0.986 Executing VM operation: G1CollectForAllocation done
Event: 1.988 Executing VM operation: Cleanup
Event: 2.267 Executing VM operation: Cleanup done
Event: 2.554 Executing VM operation: HandshakeAllThreads
Event: 2.554 Executing VM operation: HandshakeAllThreads done
Event: 2.758 Executing VM operation: ICBufferFull
Event: 2.758 Executing VM operation: ICBufferFull done
Event: 3.760 Executing VM operation: Cleanup
Event: 3.760 Executing VM operation: Cleanup done
Event: 3.945 Executing VM operation: G1CollectForAllocation
Event: 3.948 Executing VM operation: G1CollectForAllocation done
Event: 4.949 Executing VM operation: Cleanup
Event: 4.949 Executing VM operation: Cleanup done
Event: 5.077 Executing VM operation: HandshakeAllThreads
Event: 5.077 Executing VM operation: HandshakeAllThreads done
Event: 6.084 Executing VM operation: Cleanup
Event: 6.084 Executing VM operation: Cleanup done

Events (20 events):
Event: 5.043 loading class java/time/chrono/MinguoDate
Event: 5.043 loading class java/time/chrono/MinguoDate done
Event: 5.043 loading class java/time/chrono/ThaiBuddhistDate
Event: 5.044 loading class java/time/chrono/ThaiBuddhistDate done
Event: 5.075 loading class sun/reflect/generics/tree/BooleanSignature
Event: 5.075 loading class sun/reflect/generics/tree/BooleanSignature done
Event: 5.075 loading class sun/reflect/generics/tree/DoubleSignature
Event: 5.075 loading class sun/reflect/generics/tree/DoubleSignature done
Event: 5.075 loading class sun/reflect/generics/tree/FloatSignature
Event: 5.076 loading class sun/reflect/generics/tree/FloatSignature done
Event: 5.076 loading class sun/reflect/generics/tree/IntSignature
Event: 5.076 loading class sun/reflect/generics/tree/IntSignature done
Event: 5.076 loading class sun/reflect/generics/tree/LongSignature
Event: 5.076 loading class sun/reflect/generics/tree/LongSignature done
Event: 5.076 loading class sun/reflect/generics/tree/ShortSignature
Event: 5.076 loading class sun/reflect/generics/tree/ShortSignature done
Event: 5.108 loading class java/beans/IntrospectionException
Event: 5.108 loading class java/beans/IntrospectionException done
Event: 5.108 loading class java/beans/PropertyDescriptor
Event: 5.108 loading class java/beans/PropertyDescriptor done


Dynamic libraries:
0x00007ff60c7a0000 - 0x00007ff60c7b0000 	C:\Program Files\Java\jdk-17\bin\java.exe
0x00007ff87a2e0000 - 0x00007ff87a547000 	C:\WINDOWS\SYSTEM32\ntdll.dll
0x00007ff878e30000 - 0x00007ff878ef9000 	C:\WINDOWS\System32\KERNEL32.DLL
0x00007ff876c70000 - 0x00007ff877061000 	C:\WINDOWS\System32\KERNELBASE.dll
0x00007ff877e80000 - 0x00007ff877fcb000 	C:\WINDOWS\System32\ucrtbase.dll
0x00007ff866360000 - 0x00007ff866379000 	C:\Program Files\Java\jdk-17\bin\jli.dll
0x00007ff859c30000 - 0x00007ff859c4b000 	C:\Program Files\Java\jdk-17\bin\VCRUNTIME140.dll
0x00007ff879bc0000 - 0x00007ff879c7b000 	C:\WINDOWS\System32\ADVAPI32.dll
0x00007ff87a1f0000 - 0x00007ff87a299000 	C:\WINDOWS\System32\msvcrt.dll
0x00007ff879c80000 - 0x00007ff879d27000 	C:\WINDOWS\System32\sechost.dll
0x00007ff879840000 - 0x00007ff879958000 	C:\WINDOWS\System32\RPCRT4.dll
0x00007ff878f00000 - 0x00007ff8790c5000 	C:\WINDOWS\System32\USER32.dll
0x00007ff85da70000 - 0x00007ff85dd03000 	C:\WINDOWS\WinSxS\amd64_microsoft.windows.common-controls_6595b64144ccf1df_6.0.26100.8037_none_3e092faae333b53b\COMCTL32.dll
0x00007ff877a50000 - 0x00007ff877a77000 	C:\WINDOWS\System32\win32u.dll
0x00007ff878080000 - 0x00007ff8780ab000 	C:\WINDOWS\System32\GDI32.dll
0x00007ff877c00000 - 0x00007ff877d2b000 	C:\WINDOWS\System32\gdi32full.dll
0x00007ff876bc0000 - 0x00007ff876c63000 	C:\WINDOWS\System32\msvcp_win.dll
0x00007ff867d40000 - 0x00007ff867d4b000 	C:\WINDOWS\SYSTEM32\VERSION.dll
0x00007ff8784e0000 - 0x00007ff878511000 	C:\WINDOWS\System32\IMM32.DLL
0x00007ff8671f0000 - 0x00007ff8671fc000 	C:\Program Files\Java\jdk-17\bin\vcruntime140_1.dll
0x00007ff82cbd0000 - 0x00007ff82cc5e000 	C:\Program Files\Java\jdk-17\bin\msvcp140.dll
0x00007fffe2b30000 - 0x00007fffe370e000 	C:\Program Files\Java\jdk-17\bin\server\jvm.dll
0x00007ff878e20000 - 0x00007ff878e28000 	C:\WINDOWS\System32\PSAPI.DLL
0x00007ff86fa20000 - 0x00007ff86fa55000 	C:\WINDOWS\SYSTEM32\WINMM.dll
0x00007ff866150000 - 0x00007ff86615a000 	C:\WINDOWS\SYSTEM32\WSOCK32.dll
0x00007ff87a160000 - 0x00007ff87a1d4000 	C:\WINDOWS\System32\WS2_32.dll
0x00007ff875950000 - 0x00007ff87596b000 	C:\WINDOWS\SYSTEM32\kernel.appcore.dll
0x00007ff866c00000 - 0x00007ff866c0a000 	C:\Program Files\Java\jdk-17\bin\jimage.dll
0x00007ff8742e0000 - 0x00007ff874522000 	C:\WINDOWS\SYSTEM32\DBGHELP.DLL
0x00007ff878140000 - 0x00007ff8784c2000 	C:\WINDOWS\System32\combase.dll
0x00007ff8790d0000 - 0x00007ff8791a7000 	C:\WINDOWS\System32\OLEAUT32.dll
0x00007ff852200000 - 0x00007ff85223b000 	C:\WINDOWS\SYSTEM32\dbgcore.DLL
0x00007ff877fd0000 - 0x00007ff878075000 	C:\WINDOWS\System32\bcryptPrimitives.dll
0x00007ff8506b0000 - 0x00007ff8506d5000 	C:\Program Files\Java\jdk-17\bin\java.dll
0x00007ff827900000 - 0x00007ff8279d7000 	C:\Program Files\Java\jdk-17\bin\jsvml.dll
0x00007ff878520000 - 0x00007ff878c7f000 	C:\WINDOWS\System32\SHELL32.dll
0x00007ff877070000 - 0x00007ff8771da000 	C:\WINDOWS\System32\wintypes.dll
0x00007ff8771e0000 - 0x00007ff877a44000 	C:\WINDOWS\System32\windows.storage.dll
0x00007ff8791b0000 - 0x00007ff8792a7000 	C:\WINDOWS\System32\SHCORE.dll
0x00007ff878db0000 - 0x00007ff878e17000 	C:\WINDOWS\System32\shlwapi.dll
0x00007ff876ae0000 - 0x00007ff876b09000 	C:\WINDOWS\SYSTEM32\profapi.dll
0x00007ff847570000 - 0x00007ff847589000 	C:\Program Files\Java\jdk-17\bin\net.dll
0x00007ff871650000 - 0x00007ff871777000 	C:\WINDOWS\SYSTEM32\WINHTTP.dll
0x00007ff875ec0000 - 0x00007ff875f2b000 	C:\WINDOWS\system32\mswsock.dll
0x00007ff847550000 - 0x00007ff847566000 	C:\Program Files\Java\jdk-17\bin\nio.dll
0x00007ff847830000 - 0x00007ff847848000 	C:\Program Files\Java\jdk-17\bin\zip.dll
0x00007ff8510a0000 - 0x00007ff8510ae000 	C:\Program Files\Java\jdk-17\bin\sunmscapi.dll
0x00007ff877a80000 - 0x00007ff877bf7000 	C:\WINDOWS\System32\CRYPT32.dll
0x00007ff8763c0000 - 0x00007ff8763f0000 	C:\WINDOWS\SYSTEM32\ncrypt.dll
0x00007ff876370000 - 0x00007ff8763af000 	C:\WINDOWS\SYSTEM32\NTASN1.dll
0x00007ff82b520000 - 0x00007ff82b528000 	C:\WINDOWS\system32\wshunix.dll
0x00007ff8761a0000 - 0x00007ff8761bb000 	C:\WINDOWS\SYSTEM32\CRYPTSP.dll
0x00007ff8758b0000 - 0x00007ff8758e9000 	C:\WINDOWS\system32\rsaenh.dll
0x00007ff875f70000 - 0x00007ff875fa2000 	C:\WINDOWS\SYSTEM32\USERENV.dll
0x00007ff876ab0000 - 0x00007ff876ada000 	C:\WINDOWS\SYSTEM32\bcrypt.dll
0x00007ff8761c0000 - 0x00007ff8761cc000 	C:\WINDOWS\SYSTEM32\CRYPTBASE.dll
0x00007ff875470000 - 0x00007ff8754a3000 	C:\WINDOWS\SYSTEM32\IPHLPAPI.DLL
0x00007ff8784d0000 - 0x00007ff8784da000 	C:\WINDOWS\System32\NSI.dll
0x00007ff8718b0000 - 0x00007ff8718cd000 	C:\WINDOWS\SYSTEM32\dhcpcsvc6.DLL
0x00007ff871880000 - 0x00007ff8718a3000 	C:\WINDOWS\SYSTEM32\dhcpcsvc.DLL
0x00007ff8754b0000 - 0x00007ff8755da000 	C:\WINDOWS\SYSTEM32\DNSAPI.dll
0x00007ff865f80000 - 0x00007ff865f90000 	C:\Program Files\Java\jdk-17\bin\verify.dll

dbghelp: loaded successfully - version: 4.0.5 - missing functions: none
symbol engine: initialized successfully - sym options: 0x614 - pdb path: .;C:\Program Files\Java\jdk-17\bin;C:\WINDOWS\SYSTEM32;C:\WINDOWS\WinSxS\amd64_microsoft.windows.common-controls_6595b64144ccf1df_6.0.26100.8037_none_3e092faae333b53b;C:\Program Files\Java\jdk-17\bin\server

VM Arguments:
jvm_args: -Dorg.gradle.internal.worker.tmpdir=C:\Users\ws050\mini2\inspire-be\schedule_service\build\tmp\test\work -Xmx512m -Dfile.encoding=UTF-8 -Duser.country=KR -Duser.language=ko -Duser.variant -ea 
java_command: worker.org.gradle.process.internal.worker.GradleWorkerMain 'Gradle Test Executor 8'
java_class_path (initial): C:\\Users\\ws050\\.gradle\\caches\\9.3.1\\workerMain\\gradle-worker.jar;C:\\Users\\ws050\\mini2\\inspire-be\\schedule_service\\build\\classes\\java\\test;C:\\Users\\ws050\\mini2\\inspire-be\\schedule_service\\build\\classes\\java\\main;C:\\Users\\ws050\\mini2\\inspire-be\\schedule_service\\build\\resources\\main;C:\\Users\\ws050\\.gradle\\caches\\modules-2\\files-2.1\\org.springframework.boot\\spring-boot-starter-data-jpa\\3.4.11\\2834c9171e5516fd1052235350028043e5feedb8\\spring-boot-starter-data-jpa-3.4.11.jar;C:\\Users\\ws050\\.gradle\\caches\\modules-2\\files-2.1\\org.springframework.data\\spring-data-jpa\\3.4.11\\51eef1ca4b05e6a4ea32362de22a0658af0aed7c\\spring-data-jpa-3.4.11.jar;C:\\Users\\ws050\\.gradle\\caches\\modules-2\\files-2.1\\org.springframework.boot\\spring-boot-starter-data-redis\\3.4.11\\ff132734e2c24939bc8eeb9b33ffa4a0d7d91c17\\spring-boot-starter-data-redis-3.4.11.jar;C:\\Users\\ws050\\.gradle\\caches\\modules-2\\files-2.1\\org.springframework.data\\spring-data-redis\\3.4.11\\789604119f96bbe643b8c6922ddca159c6c61b1\\spring-data-redis-3.4.11.jar;C:\\Users\\ws050\\.gradle\\caches\\modules-2\\files-2.1\\org.mariadb.jdbc\\mariadb-java-client\\3.4.2\\b6333387fbddd2e4684e2f34a1e00265655bd426\\mariadb-java-client-3.4.2.jar;C:\\Users\\ws050\\.gradle\\caches\\modules-2\\files-2.1\\com.github.waffle\\waffle-jna\\3.3.0\\6c1a06b345702bb1dfd77006af926b091bded851\\waffle-jna-3.3.0.jar;C:\\Users\\ws050\\.gradle\\caches\\modules-2\\files-2.1\\org.springframework.boot\\spring-boot-starter-test\\3.4.11\\1cedb3eb215c714a6fd3205615d6ed771be35e5f\\spring-boot-starter-test-3.4.11.jar;C:\\Users\\ws050\\.gradle\\caches\\modules-2\\files-2.1\\com.jayway.jsonpath\\json-path\\2.9.0\\37fe2217f577b0b68b18e62c4d17a8858ecf9b69\\json-path-2.9.0.jar;C:\\Users\\ws050\\.gradle\\caches\\modules-2\\files-2.1\\org.springframework.boot\\spring-boot-starter-jdbc\\3.4.11\\91feb3b152137107b93795a2eea1c27d29a2727d\\spring-boot-starter-jdbc-3.4.11.jar;C:\\Users
Launcher Type: SUN_STANDARD

[Global flags]
     intx CICompilerCount                          = 4                                         {product} {ergonomic}
     uint ConcGCThreads                            = 2                                         {product} {ergonomic}
     uint G1ConcRefinementThreads                  = 8                                         {product} {ergonomic}
   size_t G1HeapRegionSize                         = 1048576                                   {product} {ergonomic}
    uintx GCDrainStackTargetSize                   = 64                                        {product} {ergonomic}
   size_t InitialHeapSize                          = 264241152                                 {product} {ergonomic}
   size_t MarkStackSize                            = 4194304                                   {product} {ergonomic}
   size_t MaxHeapSize                              = 536870912                                 {product} {command line}
   size_t MaxNewSize                               = 321912832                                 {product} {ergonomic}
   size_t MinHeapDeltaBytes                        = 1048576                                   {product} {ergonomic}
   size_t MinHeapSize                              = 8388608                                   {product} {ergonomic}
    uintx NonNMethodCodeHeapSize                   = 5839372                                {pd product} {ergonomic}
    uintx NonProfiledCodeHeapSize                  = 122909434                              {pd product} {ergonomic}
    uintx ProfiledCodeHeapSize                     = 122909434                              {pd product} {ergonomic}
    uintx ReservedCodeCacheSize                    = 251658240                              {pd product} {ergonomic}
     bool SegmentedCodeCache                       = true                                      {product} {ergonomic}
   size_t SoftMaxHeapSize                          = 536870912                              {manageable} {ergonomic}
     bool UseCompressedClassPointers               = true                           {product lp64_product} {ergonomic}
     bool UseCompressedOops                        = true                           {product lp64_product} {ergonomic}
     bool UseG1GC                                  = true                                      {product} {ergonomic}
     bool UseLargePagesIndividualAllocation        = false                                  {pd product} {ergonomic}

Logging:
Log output configuration:
 #0: stdout all=warning uptime,level,tags
 #1: stderr all=off uptime,level,tags

Environment Variables:
JAVA_HOME=C:\Program Files\Java\jdk-17
CLASSPATH=%classpath%;.;.;.
PATH=C:\Program Files\Common Files\Oracle\Java\javapath;C:\WINDOWS\system32;C:\WINDOWS;C:\WINDOWS\System32\Wbem;C:\WINDOWS\System32\WindowsPowerShell\v1.0\;C:\WINDOWS\System32\OpenSSH\;C:\Program Files\Java\jdk-17;C:\Program Files\Java\jdk-17\bin;C:\apache-tomcat-10.1.31\bin;C:\Program Files\mingw-w64\x86_64-8.1.0-posix-seh-rt_v6-rev0\mingw64\bin;C:\Program Files\MySQL\MySQL Server 8.0\bin;C:\Program Files\MongoDB\Server\6.0\bin;C:\Program Files\Tesseract-OCR;C:\Users\ws050\anaconda3;C:\Users\ws050\anaconda3\Library;C:\Users\ws050\anaconda3\Library\bin;C:\Users\ws050\anaconda3\Scripts;C:\Program Files\Git\cmd;C:\Program Files\Docker\Docker\resources\bin;C:\Program Files\Amazon\AWSCLIV2\;C:\Program Files\nodejs\;C:\Program Files\dotnet\;C:\Users\ws050\AppData\Local\Microsoft\WindowsApps;C:\Program Files\JetBrains\IntelliJ IDEA 2024.1.4\bin;;C:\Program Files\Bandizip\;C:\windows\system32;C:\Users\ws050\AppData\Local\Programs\mongosh\;C:\Program Files\Tesseract-OCR;C:\Users\ws050\anaconda3\Library;C:\Program Files\JetBrains\IntelliJ IDEA Community Edition 2024.1.4\bin;;C:\Program Files\JetBrains\PyCharm Community Edition 2024.1\bin;;C:\Users\ws050\AppData\Local\afreeca;C:\Users\ws050\AppData\Roaming\npm;C:\Users\ws050\AppData\Local\Programs\Microsoft VS Code\bin
USERNAME=ws050
LANG=ko_KR.UTF-8
OS=Windows_NT
PROCESSOR_IDENTIFIER=Intel64 Family 6 Model 140 Stepping 1, GenuineIntel



---------------  S Y S T E M  ---------------

OS:
 Windows 11 , 64 bit Build 26100 (10.0.26100.7920)
OS uptime: 0 days 13:21 hours
Hyper-V role detected

CPU: total 8 (initial active 8) (4 cores per cpu, 2 threads per core) family 6 model 140 stepping 1 microcode 0xb4, cx8, cmov, fxsr, ht, mmx, 3dnowpref, sse, sse2, sse3, ssse3, sse4.1, sse4.2, popcnt, lzcnt, tsc, tscinvbit, avx, avx2, aes, erms, clmul, bmi1, bmi2, adx, avx512f, avx512dq, avx512cd, avx512bw, avx512vl, sha, fma, vzeroupper, avx512_vpopcntdq, avx512_vpclmulqdq, avx512_vaes, avx512_vnni, clflush, clflushopt, clwb, avx512_vbmi2, avx512_vbmi, hv

Memory: 4k page, system-wide physical 16057M (2687M free)
TotalPageFile size 18105M (AvailPageFile size 144M)
current process WorkingSet (physical memory assigned to process): 161M, peak: 167M
current process commit charge ("private bytes"): 267M, peak: 409M

vm_info: Java HotSpot(TM) 64-Bit Server VM (17.0.8+9-LTS-211) for windows-amd64 JRE (17.0.8+9-LTS-211), built on Jun 14 2023 10:34:31 by "mach5one" with MS VC++ 17.1 (VS2022)

END.
