#
# There is insufficient memory for the Java Runtime Environment to continue.
# Native memory allocation (mmap) failed to map 264241152 bytes for G1 virtual space
# Possible reasons:
#   The system is out of physical RAM or swap space
#   The process is running with CompressedOops enabled, and the Java Heap may be blocking the growth of the native heap
# Possible solutions:
#   Reduce memory load on the system
#   Increase physical memory or swap space
#   Check if swap backing store is full
#   Decrease Java heap size (-Xmx/-Xms)
#   Decrease number of Java threads
#   Decrease Java thread stack sizes (-Xss)
#   Set larger code cache with -XX:ReservedCodeCacheSize=
#   JVM is running with Unscaled Compressed Oops mode in which the Java heap is
#     placed in the first 4GB address space. The Java Heap base address is the
#     maximum limit for the native heap growth. Please use -XX:HeapBaseMinAddress
#     to set the Java Heap base and to place the Java Heap above 4GB virtual address.
# This output file may be truncated or incomplete.
#
#  Out of Memory Error (os_windows.cpp:3550), pid=24104, tid=2788
#
# JRE version:  (17.0.8+9) (build )
# Java VM: Java HotSpot(TM) 64-Bit Server VM (17.0.8+9-LTS-211, mixed mode, sharing, tiered, compressed oops, compressed class ptrs, g1 gc, windows-amd64)
# No core dump will be written. Minidumps are not enabled by default on client versions of Windows
#

---------------  S U M M A R Y ------------

Command Line: -Dorg.gradle.internal.worker.tmpdir=C:\Users\ws050\mini2\inspire-be\certificate-service\build\tmp\test\work -Xmx512m -Dfile.encoding=UTF-8 -Duser.country=KR -Duser.language=ko -Duser.variant -ea worker.org.gradle.process.internal.worker.GradleWorkerMain 'Gradle Test Executor 1'

Host: 11th Gen Intel(R) Core(TM) i7-1165G7 @ 2.80GHz, 8 cores, 15G,  Windows 11 , 64 bit Build 26100 (10.0.26100.7920)
Time: Tue Mar 24 14:53:48 2026  Windows 11 , 64 bit Build 26100 (10.0.26100.7920) elapsed time: 1.146163 seconds (0d 0h 0m 1s)

---------------  T H R E A D  ---------------

Current thread (0x000001847661e140):  JavaThread "Unknown thread" [_thread_in_vm, id=2788, stack(0x000000090da00000,0x000000090db00000)]

Stack: [0x000000090da00000,0x000000090db00000]
Native frames: (J=compiled Java code, j=interpreted, Vv=VM code, C=native code)
V  [jvm.dll+0x677d0a]
V  [jvm.dll+0x7d8c54]
V  [jvm.dll+0x7da3fe]
V  [jvm.dll+0x7daa63]
V  [jvm.dll+0x245c5f]
V  [jvm.dll+0x674bb9]
V  [jvm.dll+0x6694f2]
V  [jvm.dll+0x3031d6]
V  [jvm.dll+0x30a756]
V  [jvm.dll+0x359f9e]
V  [jvm.dll+0x35a1cf]
V  [jvm.dll+0x2da3e8]
V  [jvm.dll+0x2db354]
V  [jvm.dll+0x7aa711]
V  [jvm.dll+0x367b51]
V  [jvm.dll+0x789979]
V  [jvm.dll+0x3eb05f]
V  [jvm.dll+0x3ecae1]
C  [jli.dll+0x5297]
C  [ucrtbase.dll+0x37b0]
C  [KERNEL32.DLL+0x2e8d7]
C  [ntdll.dll+0x8c48c]


---------------  P R O C E S S  ---------------

Threads class SMR info:
_java_thread_list=0x00007ff817fd59d8, length=0, elements={
}

Java Threads: ( => current thread )

Other Threads:
  0x000001847664c0f0 GCTaskThread "GC Thread#0" [stack: 0x000000090db00000,0x000000090dc00000] [id=9028]
  0x0000018476651d00 ConcurrentGCThread "G1 Main Marker" [stack: 0x000000090dc00000,0x000000090dd00000] [id=11996]
  0x0000018476652710 ConcurrentGCThread "G1 Conc#0" [stack: 0x000000090dd00000,0x000000090de00000] [id=23760]

[error occurred during error reporting (printing all threads), id 0xc0000005, EXCEPTION_ACCESS_VIOLATION (0xc0000005) at pc=0x00007ff81780b047]

VM state: not at safepoint (not fully initialized)

VM Mutex/Monitor currently owned by a thread:  ([mutex/lock_event])
[0x000001847661aad0] Heap_lock - owner thread: 0x000001847661e140

Heap address: 0x00000000e0000000, size: 512 MB, Compressed Oops mode: 32-bit

CDS archive(s) mapped at: [0x0000000000000000-0x0000000000000000-0x0000000000000000), size 0, SharedBaseAddress: 0x0000000800000000, ArchiveRelocationMode: 1.
Narrow klass base: 0x0000000000000000, Narrow klass shift: 0, Narrow klass range: 0x0

GC Precious Log:
<Empty>

Heap:
 garbage-first heap   total 0K, used 0K [0x00000000e0000000, 0x0000000100000000)
  region size 1024K, 0 young (0K), 0 survivors (0K)

[error occurred during error reporting (printing heap information), id 0xc0000005, EXCEPTION_ACCESS_VIOLATION (0xc0000005) at pc=0x00007ff817bf1499]

GC Heap History (0 events):
No events

Deoptimization events (0 events):
No events

Classes unloaded (0 events):
No events

Classes redefined (0 events):
No events

Internal exceptions (0 events):
No events

VM Operations (0 events):
No events

Events (1 events):
Event: 0.016 Loaded shared library C:\Program Files\Java\jdk-17\bin\java.dll


Dynamic libraries:
0x00007ff6aa620000 - 0x00007ff6aa630000 	C:\Program Files\Java\jdk-17\bin\java.exe
0x00007ff87a2e0000 - 0x00007ff87a547000 	C:\WINDOWS\SYSTEM32\ntdll.dll
0x00007ff878e30000 - 0x00007ff878ef9000 	C:\WINDOWS\System32\KERNEL32.DLL
0x00007ff876c70000 - 0x00007ff877061000 	C:\WINDOWS\System32\KERNELBASE.dll
0x00007ff877e80000 - 0x00007ff877fcb000 	C:\WINDOWS\System32\ucrtbase.dll
0x00007ff873f80000 - 0x00007ff873f99000 	C:\Program Files\Java\jdk-17\bin\jli.dll
0x00007ff879bc0000 - 0x00007ff879c7b000 	C:\WINDOWS\System32\ADVAPI32.dll
0x00007ff871ee0000 - 0x00007ff871efb000 	C:\Program Files\Java\jdk-17\bin\VCRUNTIME140.dll
0x00007ff87a1f0000 - 0x00007ff87a299000 	C:\WINDOWS\System32\msvcrt.dll
0x00007ff879c80000 - 0x00007ff879d27000 	C:\WINDOWS\System32\sechost.dll
0x00007ff879840000 - 0x00007ff879958000 	C:\WINDOWS\System32\RPCRT4.dll
0x00007ff878f00000 - 0x00007ff8790c5000 	C:\WINDOWS\System32\USER32.dll
0x00007ff877a50000 - 0x00007ff877a77000 	C:\WINDOWS\System32\win32u.dll
0x00007ff878080000 - 0x00007ff8780ab000 	C:\WINDOWS\System32\GDI32.dll
0x00007ff877c00000 - 0x00007ff877d2b000 	C:\WINDOWS\System32\gdi32full.dll
0x00007ff876bc0000 - 0x00007ff876c63000 	C:\WINDOWS\System32\msvcp_win.dll
0x00007ff85da70000 - 0x00007ff85dd03000 	C:\WINDOWS\WinSxS\amd64_microsoft.windows.common-controls_6595b64144ccf1df_6.0.26100.8037_none_3e092faae333b53b\COMCTL32.dll
0x00007ff867d40000 - 0x00007ff867d4b000 	C:\WINDOWS\SYSTEM32\VERSION.dll
0x00007ff8784e0000 - 0x00007ff878511000 	C:\WINDOWS\System32\IMM32.DLL
0x00007ff868f00000 - 0x00007ff868f0c000 	C:\Program Files\Java\jdk-17\bin\vcruntime140_1.dll
0x00007ff81f370000 - 0x00007ff81f3fe000 	C:\Program Files\Java\jdk-17\bin\msvcp140.dll
0x00007ff817520000 - 0x00007ff8180fe000 	C:\Program Files\Java\jdk-17\bin\server\jvm.dll
0x00007ff878e20000 - 0x00007ff878e28000 	C:\WINDOWS\System32\PSAPI.DLL
0x00007ff86fa20000 - 0x00007ff86fa55000 	C:\WINDOWS\SYSTEM32\WINMM.dll
0x00007ff8655a0000 - 0x00007ff8655aa000 	C:\WINDOWS\SYSTEM32\WSOCK32.dll
0x00007ff87a160000 - 0x00007ff87a1d4000 	C:\WINDOWS\System32\WS2_32.dll
0x00007ff875950000 - 0x00007ff87596b000 	C:\WINDOWS\SYSTEM32\kernel.appcore.dll
0x00007ff868ef0000 - 0x00007ff868efa000 	C:\Program Files\Java\jdk-17\bin\jimage.dll
0x00007ff8742e0000 - 0x00007ff874522000 	C:\WINDOWS\SYSTEM32\DBGHELP.DLL
0x00007ff878140000 - 0x00007ff8784c2000 	C:\WINDOWS\System32\combase.dll
0x00007ff8790d0000 - 0x00007ff8791a7000 	C:\WINDOWS\System32\OLEAUT32.dll
0x00007ff852200000 - 0x00007ff85223b000 	C:\WINDOWS\SYSTEM32\dbgcore.DLL
0x00007ff877fd0000 - 0x00007ff878075000 	C:\WINDOWS\System32\bcryptPrimitives.dll
0x00007ff8506c0000 - 0x00007ff8506e5000 	C:\Program Files\Java\jdk-17\bin\java.dll

dbghelp: loaded successfully - version: 4.0.5 - missing functions: none
symbol engine: initialized successfully - sym options: 0x614 - pdb path: .;C:\Program Files\Java\jdk-17\bin;C:\WINDOWS\SYSTEM32;C:\WINDOWS\WinSxS\amd64_microsoft.windows.common-controls_6595b64144ccf1df_6.0.26100.8037_none_3e092faae333b53b;C:\Program Files\Java\jdk-17\bin\server

VM Arguments:
jvm_args: -Dorg.gradle.internal.worker.tmpdir=C:\Users\ws050\mini2\inspire-be\certificate-service\build\tmp\test\work -Xmx512m -Dfile.encoding=UTF-8 -Duser.country=KR -Duser.language=ko -Duser.variant -ea 
java_command: worker.org.gradle.process.internal.worker.GradleWorkerMain 'Gradle Test Executor 1'
java_class_path (initial): C:\\Users\\ws050\\.gradle\\caches\\9.3.1\\workerMain\\gradle-worker.jar;C:\\Users\\ws050\\mini2\\inspire-be\\certificate-service\\build\\classes\\java\\test;C:\\Users\\ws050\\mini2\\inspire-be\\certificate-service\\build\\classes\\java\\main;C:\\Users\\ws050\\mini2\\inspire-be\\certificate-service\\build\\resources\\main;C:\\Users\\ws050\\.gradle\\caches\\modules-2\\files-2.1\\org.springframework.boot\\spring-boot-starter-data-jpa\\3.4.11\\2834c9171e5516fd1052235350028043e5feedb8\\spring-boot-starter-data-jpa-3.4.11.jar;C:\\Users\\ws050\\.gradle\\caches\\modules-2\\files-2.1\\org.springframework.data\\spring-data-jpa\\3.4.11\\51eef1ca4b05e6a4ea32362de22a0658af0aed7c\\spring-data-jpa-3.4.11.jar;C:\\Users\\ws050\\.gradle\\caches\\modules-2\\files-2.1\\org.mariadb.jdbc\\mariadb-java-client\\3.4.2\\b6333387fbddd2e4684e2f34a1e00265655bd426\\mariadb-java-client-3.4.2.jar;C:\\Users\\ws050\\.gradle\\caches\\modules-2\\files-2.1\\com.github.waffle\\waffle-jna\\3.3.0\\6c1a06b345702bb1dfd77006af926b091bded851\\waffle-jna-3.3.0.jar;C:\\Users\\ws050\\.gradle\\caches\\modules-2\\files-2.1\\org.springframework.boot\\spring-boot-starter-test\\3.4.11\\1cedb3eb215c714a6fd3205615d6ed771be35e5f\\spring-boot-starter-test-3.4.11.jar;C:\\Users\\ws050\\.gradle\\caches\\modules-2\\files-2.1\\com.jayway.jsonpath\\json-path\\2.9.0\\37fe2217f577b0b68b18e62c4d17a8858ecf9b69\\json-path-2.9.0.jar;C:\\Users\\ws050\\.gradle\\caches\\modules-2\\files-2.1\\org.springframework.boot\\spring-boot-starter-jdbc\\3.4.11\\91feb3b152137107b93795a2eea1c27d29a2727d\\spring-boot-starter-jdbc-3.4.11.jar;C:\\Users\\ws050\\.gradle\\caches\\modules-2\\files-2.1\\com.zaxxer\\HikariCP\\5.1.0\\8c96e36c14461fc436bb02b264b96ef3ca5dca8c\\HikariCP-5.1.0.jar;C:\\Users\\ws050\\.gradle\\caches\\modules-2\\files-2.1\\org.springframework.data\\spring-data-commons\\3.4.11\\710b5d2849b7a95206d3d277ce5edc72f8418b3\\spring-data-commons-3.4.11.jar;C:\\Users\\ws050\\.gradle\\caches\\modules-2\\files-2.1\
Launcher Type: SUN_STANDARD

[Global flags]
     intx CICompilerCount                          = 4                                         {product} {ergonomic}
     uint ConcGCThreads                            = 2                                         {product} {ergonomic}
     uint G1ConcRefinementThreads                  = 8                                         {product} {ergonomic}
   size_t G1HeapRegionSize                         = 1048576                                   {product} {ergonomic}
    uintx GCDrainStackTargetSize                   = 64                                        {product} {ergonomic}
   size_t InitialHeapSize                          = 264241152                                 {product} {ergonomic}
   size_t MarkStackSize                            = 4194304                                   {product} {ergonomic}
   size_t MaxHeapSize                              = 536870912                                 {product} {command line}
   size_t MinHeapDeltaBytes                        = 1048576                                   {product} {ergonomic}
   size_t MinHeapSize                              = 8388608                                   {product} {ergonomic}
    uintx NonNMethodCodeHeapSize                   = 5839372                                {pd product} {ergonomic}
    uintx NonProfiledCodeHeapSize                  = 122909434                              {pd product} {ergonomic}
    uintx ProfiledCodeHeapSize                     = 122909434                              {pd product} {ergonomic}
    uintx ReservedCodeCacheSize                    = 251658240                              {pd product} {ergonomic}
     bool SegmentedCodeCache                       = true                                      {product} {ergonomic}
   size_t SoftMaxHeapSize                          = 536870912                              {manageable} {ergonomic}
     bool UseCompressedClassPointers               = true                           {product lp64_product} {ergonomic}
     bool UseCompressedOops                        = true                           {product lp64_product} {ergonomic}
     bool UseG1GC                                  = true                                      {product} {ergonomic}
     bool UseLargePagesIndividualAllocation        = false                                  {pd product} {ergonomic}

Logging:
Log output configuration:
 #0: stdout all=warning uptime,level,tags
 #1: stderr all=off uptime,level,tags

Environment Variables:
JAVA_HOME=C:\Program Files\Java\jdk-17
CLASSPATH=%classpath%;.
PATH=C:\Program Files\Common Files\Oracle\Java\javapath;C:\WINDOWS\system32;C:\WINDOWS;C:\WINDOWS\System32\Wbem;C:\WINDOWS\System32\WindowsPowerShell\v1.0\;C:\WINDOWS\System32\OpenSSH\;C:\Program Files\Java\jdk-17;C:\Program Files\Java\jdk-17\bin;C:\apache-tomcat-10.1.31\bin;C:\Program Files\mingw-w64\x86_64-8.1.0-posix-seh-rt_v6-rev0\mingw64\bin;C:\Program Files\MySQL\MySQL Server 8.0\bin;C:\Program Files\MongoDB\Server\6.0\bin;C:\Program Files\Tesseract-OCR;C:\Users\ws050\anaconda3;C:\Users\ws050\anaconda3\Library;C:\Users\ws050\anaconda3\Library\bin;C:\Users\ws050\anaconda3\Scripts;C:\Program Files\Git\cmd;C:\Program Files\Docker\Docker\resources\bin;C:\Program Files\Amazon\AWSCLIV2\;C:\Program Files\nodejs\;C:\Program Files\dotnet\;C:\Users\ws050\AppData\Local\Microsoft\WindowsApps;C:\Program Files\JetBrains\IntelliJ IDEA 2024.1.4\bin;;C:\Program Files\Bandizip\;C:\windows\system32;C:\Users\ws050\AppData\Local\Programs\mongosh\;C:\Program Files\Tesseract-OCR;C:\Users\ws050\anaconda3\Library;C:\Program Files\JetBrains\IntelliJ IDEA Community Edition 2024.1.4\bin;;C:\Program Files\JetBrains\PyCharm Community Edition 2024.1\bin;;C:\Users\ws050\AppData\Local\afreeca;C:\Users\ws050\AppData\Roaming\npm;C:\Users\ws050\AppData\Local\Programs\Microsoft VS Code\bin
USERNAME=ws050
LANG=ko_KR.UTF-8
OS=Windows_NT
PROCESSOR_IDENTIFIER=Intel64 Family 6 Model 140 Stepping 1, GenuineIntel



---------------  S Y S T E M  ---------------

OS:
 Windows 11 , 64 bit Build 26100 (10.0.26100.7920)
OS uptime: 0 days 16:39 hours
Hyper-V role detected

CPU: total 8 (initial active 8) (4 cores per cpu, 2 threads per core) family 6 model 140 stepping 1 microcode 0xb4, cx8, cmov, fxsr, ht, mmx, 3dnowpref, sse, sse2, sse3, ssse3, sse4.1, sse4.2, popcnt, lzcnt, tsc, tscinvbit, avx, avx2, aes, erms, clmul, bmi1, bmi2, adx, avx512f, avx512dq, avx512cd, avx512bw, avx512vl, sha, fma, vzeroupper, avx512_vpopcntdq, avx512_vpclmulqdq, avx512_vaes, avx512_vnni, clflush, clflushopt, clwb, avx512_vbmi2, avx512_vbmi, hv

Memory: 4k page, system-wide physical 16057M (1013M free)
TotalPageFile size 18105M (AvailPageFile size 24M)
current process WorkingSet (physical memory assigned to process): 12M, peak: 12M
current process commit charge ("private bytes"): 60M, peak: 311M

vm_info: Java HotSpot(TM) 64-Bit Server VM (17.0.8+9-LTS-211) for windows-amd64 JRE (17.0.8+9-LTS-211), built on Jun 14 2023 10:34:31 by "mach5one" with MS VC++ 17.1 (VS2022)

END.
